00:02.438  blend            | Read blend: "G:\1 ARMA3_DEVELOPMENT\Blinder Assets\Music Mixtable\Mixtable.blend"
00:02.438  blend.doversion  | WARNING Region type 4 missing in space type "Info" (id: 7) - removing region
00:02.469  reports          | ERROR Unable to pack file, source path 'G:\Windows\Fonts\ufonts.com_futura-extrabold-oblique.ttf' not found
Blender 5.2.1 LTS (hash 9e2066aef7ef built 2026-08-25 02:38:20)
00:02.469  reports          | ERROR Unable to pack file, source path 'G:\Windows\Fonts\ufonts.com_futura-extrabold-oblique.ttf' not found
00:02.469  geom.vfont       | WARNING Font file doesn't exist: //..\..\..\Windows\Fonts\ufonts.com_futura-extrabold-oblique.ttf
00:02.469  reports          | ERROR Unable to pack file, source path 'G:\Windows\Fonts\ufonts.com_futura-extrabold-oblique.ttf' not found
00:02.469  reports          | ERROR Unable to pack file, source path 'G:\Windows\Fonts\ufonts.com_futura-extrabold-oblique.ttf' not found
00:02.469  geom.vfont       | WARNING Font file doesn't exist: //..\..\..\Windows\Fonts\ufonts.com_futura-extrabold-oblique.ttf
00:02.469  reports          | ERROR Unable to pack file, source path 'G:\Windows\Fonts\ufonts.com_futura-extrabold-oblique.ttf' not found
00:02.469  reports          | ERROR Unable to pack file, source path 'G:\Windows\Fonts\ufonts.com_futura-extrabold-oblique.ttf' not found
00:02.469  geom.vfont       | WARNING Font file doesn't exist: //..\..\..\Windows\Fonts\ufonts.com_futura-extrabold-oblique.ttf
00:02.469  reports          | ERROR Unable to pack file, source path 'G:\Windows\Fonts\ufonts.com_futura-extrabold-oblique.ttf' not found
00:02.469  reports          | ERROR Unable to pack file, source path 'G:\Windows\Fonts\ufonts.com_futura-extrabold-oblique.ttf' not found
00:02.469  geom.vfont       | WARNING Font file doesn't exist: //..\..\..\Windows\Fonts\ufonts.com_futura-extrabold-oblique.ttf
00:02.469  reports          | ERROR Unable to pack file, source path 'G:\Windows\Fonts\ufonts.com_futura-extrabold-oblique.ttf' not found
00:02.469  reports          | ERROR Unable to pack file, source path 'G:\Windows\Fonts\ufonts.com_futura-extrabold-oblique.ttf' not found
00:02.469  geom.vfont       | WARNING Font file doesn't exist: //..\..\..\Windows\Fonts\ufonts.com_futura-extrabold-oblique.ttf
00:02.469  reports          | ERROR Unable to pack file, source path 'G:\Windows\Fonts\ufonts.com_futura-extrabold-oblique.ttf' not found
00:02.469  reports          | ERROR Unable to pack file, source path 'G:\Windows\Fonts\ufonts.com_futura-extrabold-oblique.ttf' not found
00:02.469  geom.vfont       | WARNING Font file doesn't exist: //..\..\..\Windows\Fonts\ufonts.com_futura-extrabold-oblique.ttf
00:02.469  reports          | ERROR Unable to pack file, source path 'G:\Windows\Fonts\ufonts.com_futura-extrabold-oblique.ttf' not found
00:02.469  reports          | ERROR Unable to pack file, source path 'G:\Windows\Fonts\ufonts.com_futura-extrabold-oblique.ttf' not found
00:02.469  geom.vfont       | WARNING Font file doesn't exist: //..\..\..\Windows\Fonts\ufonts.com_futura-extrabold-oblique.ttf
00:02.469  reports          | ERROR Unable to pack file, source path 'G:\Windows\Fonts\ufonts.com_futura-extrabold-oblique.ttf' not found
00:02.469  reports          | ERROR Unable to pack file, source path 'G:\Windows\Fonts\ufonts.com_futura-extrabold-oblique.ttf' not found
00:02.469  geom.vfont       | WARNING Font file doesn't exist: //..\..\..\Windows\Fonts\ufonts.com_futura-extrabold-oblique.ttf
00:02.469  reports          | ERROR Unable to pack file, source path 'G:\Windows\Fonts\ufonts.com_futura-extrabold-oblique.ttf' not found
00:02.469  reports          | ERROR Unable to pack file, source path 'G:\Windows\Fonts\ufonts.com_futura-extrabold-oblique.ttf' not found
00:02.469  geom.vfont       | WARNING Font file doesn't exist: //..\..\..\Windows\Fonts\ufonts.com_futura-extrabold-oblique.ttf
00:02.469  reports          | ERROR Unable to pack file, source path 'G:\Windows\Fonts\ufonts.com_futura-extrabold-oblique.ttf' not found
00:02.469  reports          | ERROR Unable to pack file, source path 'G:\Windows\Fonts\ufonts.com_futura-extrabold-oblique.ttf' not found
00:02.469  geom.vfont       | WARNING Font file doesn't exist: //..\..\..\Windows\Fonts\ufonts.com_futura-extrabold-oblique.ttf
00:02.469  reports          | ERROR Unable to pack file, source path 'G:\Windows\Fonts\ufonts.com_futura-extrabold-oblique.ttf' not found
00:02.469  reports          | ERROR Unable to pack file, source path 'G:\Windows\Fonts\ufonts.com_futura-extrabold-oblique.ttf' not found
00:02.469  geom.vfont       | WARNING Font file doesn't exist: //..\..\..\Windows\Fonts\ufonts.com_futura-extrabold-oblique.ttf
00:02.469  reports          | ERROR Unable to pack file, source path 'G:\Windows\Fonts\ufonts.com_futura-extrabold-oblique.ttf' not found
00:02.469  reports          | ERROR Unable to pack file, source path 'G:\Windows\Fonts\ufonts.com_futura-extrabold-oblique.ttf' not found
00:02.469  geom.vfont       | WARNING Font file doesn't exist: //..\..\..\Windows\Fonts\ufonts.com_futura-extrabold-oblique.ttf
00:02.469  reports          | ERROR Unable to pack file, source path 'G:\Windows\Fonts\ufonts.com_futura-extrabold-oblique.ttf' not found
00:02.469  reports          | ERROR Unable to pack file, source path 'G:\Windows\Fonts\ufonts.com_futura-extrabold-oblique.ttf' not found
00:02.469  geom.vfont       | WARNING Font file doesn't exist: //..\..\..\Windows\Fonts\ufonts.com_futura-extrabold-oblique.ttf
00:02.469  reports          | ERROR Unable to pack file, source path 'G:\Windows\Fonts\ufonts.com_futura-extrabold-oblique.ttf' not found
00:02.469  reports          | ERROR Unable to pack file, source path 'G:\Windows\Fonts\ufonts.com_futura-extrabold-oblique.ttf' not found
00:02.469  geom.vfont       | WARNING Font file doesn't exist: //..\..\..\Windows\Fonts\ufonts.com_futura-extrabold-oblique.ttf
00:02.469  reports          | ERROR Unable to pack file, source path 'G:\Windows\Fonts\ufonts.com_futura-extrabold-oblique.ttf' not found
00:02.469  reports          | ERROR Unable to pack file, source path 'G:\Windows\Fonts\ufonts.com_futura-extrabold-oblique.ttf' not found
00:02.469  geom.vfont       | WARNING Font file doesn't exist: //..\..\..\Windows\Fonts\ufonts.com_futura-extrabold-oblique.ttf
00:02.469  reports          | ERROR Unable to pack file, source path 'G:\Windows\Fonts\ufonts.com_futura-extrabold-oblique.ttf' not found
00:02.469  reports          | ERROR Unable to pack file, source path 'G:\Windows\Fonts\ufonts.com_futura-extrabold-oblique.ttf' not found
00:02.469  geom.vfont       | WARNING Font file doesn't exist: //..\..\..\Windows\Fonts\ufonts.com_futura-extrabold-oblique.ttf
00:02.469  reports          | ERROR Unable to pack file, source path 'G:\Windows\Fonts\ufonts.com_futura-extrabold-oblique.ttf' not found
00:02.469  reports          | ERROR Unable to pack file, source path 'G:\Windows\Fonts\ufonts.com_futura-extrabold-oblique.ttf' not found
00:02.469  geom.vfont       | WARNING Font file doesn't exist: //..\..\..\Windows\Fonts\ufonts.com_futura-extrabold-oblique.ttf
00:02.469  reports          | ERROR Unable to pack file, source path 'G:\Windows\Fonts\ufonts.com_futura-extrabold-oblique.ttf' not found
00:02.469  reports          | ERROR Unable to pack file, source path 'G:\Windows\Fonts\ufonts.com_futura-extrabold-oblique.ttf' not found
00:02.469  geom.vfont       | WARNING Font file doesn't exist: //..\..\..\Windows\Fonts\ufonts.com_futura-extrabold-oblique.ttf
00:02.469  reports          | ERROR Unable to pack file, source path 'G:\Windows\Fonts\ufonts.com_futura-extrabold-oblique.ttf' not found
00:02.469  reports          | ERROR Unable to pack file, source path 'G:\Windows\Fonts\ufonts.com_futura-extrabold-oblique.ttf' not found
00:02.469  geom.vfont       | WARNING Font file doesn't exist: //..\..\..\Windows\Fonts\ufonts.com_futura-extrabold-oblique.ttf
00:02.469  reports          | ERROR Unable to pack file, source path 'G:\Windows\Fonts\ufonts.com_futura-extrabold-oblique.ttf' not found
00:02.469  reports          | ERROR Unable to pack file, source path 'G:\Windows\Fonts\ufonts.com_futura-extrabold-oblique.ttf' not found
00:02.469  geom.vfont       | WARNING Font file doesn't exist: //..\..\..\Windows\Fonts\ufonts.com_futura-extrabold-oblique.ttf
00:02.469  reports          | ERROR Unable to pack file, source path 'G:\Windows\Fonts\ufonts.com_futura-extrabold-oblique.ttf' not found
00:02.469  reports          | ERROR Unable to pack file, source path 'G:\Windows\Fonts\ufonts.com_futura-extrabold-oblique.ttf' not found
00:02.469  geom.vfont       | WARNING Font file doesn't exist: //..\..\..\Windows\Fonts\ufonts.com_futura-extrabold-oblique.ttf
00:02.469  reports          | ERROR Unable to pack file, source path 'G:\Windows\Fonts\ufonts.com_futura-extrabold-oblique.ttf' not found
00:02.469  reports          | ERROR Unable to pack file, source path 'G:\Windows\Fonts\ufonts.com_futura-extrabold-oblique.ttf' not found
00:02.469  geom.vfont       | WARNING Font file doesn't exist: //..\..\..\Windows\Fonts\ufonts.com_futura-extrabold-oblique.ttf
00:02.469  reports          | ERROR Unable to pack file, source path 'G:\Windows\Fonts\ufonts.com_futura-extrabold-oblique.ttf' not found
00:02.469  reports          | ERROR Unable to pack file, source path 'G:\Windows\Fonts\ufonts.com_futura-extrabold-oblique.ttf' not found
00:02.469  geom.vfont       | WARNING Font file doesn't exist: //..\..\..\Windows\Fonts\ufonts.com_futura-extrabold-oblique.ttf
00:02.469  reports          | ERROR Unable to pack file, source path 'G:\Windows\Fonts\ufonts.com_futura-extrabold-oblique.ttf' not found
00:02.469  reports          | ERROR Unable to pack file, source path 'G:\Windows\Fonts\ufonts.com_futura-extrabold-oblique.ttf' not found
00:02.469  geom.vfont       | WARNING Font file doesn't exist: //..\..\..\Windows\Fonts\ufonts.com_futura-extrabold-oblique.ttf
00:02.469  reports          | ERROR Unable to pack file, source path 'G:\Windows\Fonts\ufonts.com_futura-extrabold-oblique.ttf' not found
00:02.469  reports          | ERROR Unable to pack file, source path 'G:\Windows\Fonts\ufonts.com_futura-extrabold-oblique.ttf' not found
00:02.469  geom.vfont       | WARNING Font file doesn't exist: //..\..\..\Windows\Fonts\ufonts.com_futura-extrabold-oblique.ttf
00:02.469  reports          | ERROR Unable to pack file, source path 'G:\Windows\Fonts\ufonts.com_futura-extrabold-oblique.ttf' not found
00:02.469  reports          | ERROR Unable to pack file, source path 'G:\Windows\Fonts\ufonts.com_futura-extrabold-oblique.ttf' not found
00:02.469  geom.vfont       | WARNING Font file doesn't exist: //..\..\..\Windows\Fonts\ufonts.com_futura-extrabold-oblique.ttf
00:02.469  reports          | ERROR Unable to pack file, source path 'G:\Windows\Fonts\ufonts.com_futura-extrabold-oblique.ttf' not found
00:02.469  reports          | ERROR Unable to pack file, source path 'G:\Windows\Fonts\ufonts.com_futura-extrabold-oblique.ttf' not found
00:02.469  geom.vfont       | WARNING Font file doesn't exist: //..\..\..\Windows\Fonts\ufonts.com_futura-extrabold-oblique.ttf
00:02.469  reports          | ERROR Unable to pack file, source path 'G:\Windows\Fonts\ufonts.com_futura-extrabold-oblique.ttf' not found
00:02.469  reports          | ERROR Unable to pack file, source path 'G:\Windows\Fonts\ufonts.com_futura-extrabold-oblique.ttf' not found
00:02.469  geom.vfont       | WARNING Font file doesn't exist: //..\..\..\Windows\Fonts\ufonts.com_futura-extrabold-oblique.ttf
00:02.469  reports          | ERROR Unable to pack file, source path 'G:\Windows\Fonts\ufonts.com_futura-extrabold-oblique.ttf' not found
00:02.469  reports          | ERROR Unable to pack file, source path 'G:\Windows\Fonts\ufonts.com_futura-extrabold-oblique.ttf' not found
00:02.469  geom.vfont       | WARNING Font file doesn't exist: //..\..\..\Windows\Fonts\ufonts.com_futura-extrabold-oblique.ttf
00:02.469  reports          | ERROR Unable to pack file, source path 'G:\Windows\Fonts\ufonts.com_futura-extrabold-oblique.ttf' not found
00:02.469  reports          | ERROR Unable to pack file, source path 'G:\Windows\Fonts\ufonts.com_futura-extrabold-oblique.ttf' not found
00:02.469  geom.vfont       | WARNING Font file doesn't exist: //..\..\..\Windows\Fonts\ufonts.com_futura-extrabold-oblique.ttf
00:02.469  reports          | ERROR Unable to pack file, source path 'G:\Windows\Fonts\ufonts.com_futura-extrabold-oblique.ttf' not found
00:02.469  reports          | ERROR Unable to pack file, source path 'G:\Windows\Fonts\ufonts.com_futura-extrabold-oblique.ttf' not found
00:02.469  geom.vfont       | WARNING Font file doesn't exist: //..\..\..\Windows\Fonts\ufonts.com_futura-extrabold-oblique.ttf
00:02.469  reports          | ERROR Unable to pack file, source path 'G:\Windows\Fonts\ufonts.com_futura-extrabold-oblique.ttf' not found
00:02.469  reports          | ERROR Unable to pack file, source path 'G:\Windows\Fonts\ufonts.com_futura-extrabold-oblique.ttf' not found
00:02.469  geom.vfont       | WARNING Font file doesn't exist: //..\..\..\Windows\Fonts\ufonts.com_futura-extrabold-oblique.ttf
00:02.469  reports          | ERROR Unable to pack file, source path 'G:\Windows\Fonts\ufonts.com_futura-extrabold-oblique.ttf' not found
00:02.469  reports          | ERROR Unable to pack file, source path 'G:\Windows\Fonts\ufonts.com_futura-extrabold-oblique.ttf' not found
00:02.469  geom.vfont       | WARNING Font file doesn't exist: //..\..\..\Windows\Fonts\ufonts.com_futura-extrabold-oblique.ttf
00:02.469  reports          | ERROR Unable to pack file, source path 'G:\Windows\Fonts\ufonts.com_futura-extrabold-oblique.ttf' not found
00:02.469  reports          | ERROR Unable to pack file, source path 'G:\Windows\Fonts\ufonts.com_futura-extrabold-oblique.ttf' not found
00:02.469  geom.vfont       | WARNING Font file doesn't exist: //..\..\..\Windows\Fonts\ufonts.com_futura-extrabold-oblique.ttf
00:02.469  reports          | ERROR Unable to pack file, source path 'G:\Windows\Fonts\ufonts.com_futura-extrabold-oblique.ttf' not found
00:02.469  reports          | ERROR Unable to pack file, source path 'G:\Windows\Fonts\ufonts.com_futura-extrabold-oblique.ttf' not found
00:02.469  geom.vfont       | WARNING Font file doesn't exist: //..\..\..\Windows\Fonts\ufonts.com_futura-extrabold-oblique.ttf
00:02.469  reports          | ERROR Unable to pack file, source path 'G:\Windows\Fonts\ufonts.com_futura-extrabold-oblique.ttf' not found
00:02.469  reports          | ERROR Unable to pack file, source path 'G:\Windows\Fonts\ufonts.com_futura-extrabold-oblique.ttf' not found
00:02.469  geom.vfont       | WARNING Font file doesn't exist: //..\..\..\Windows\Fonts\ufonts.com_futura-extrabold-oblique.ttf
00:02.469  reports          | ERROR Unable to pack file, source path 'G:\Windows\Fonts\ufonts.com_futura-extrabold-oblique.ttf' not found
00:02.469  reports          | ERROR Unable to pack file, source path 'G:\Windows\Fonts\ufonts.com_futura-extrabold-oblique.ttf' not found
00:02.469  geom.vfont       | WARNING Font file doesn't exist: //..\..\..\Windows\Fonts\ufonts.com_futura-extrabold-oblique.ttf
00:02.469  reports          | ERROR Unable to pack file, source path 'G:\Windows\Fonts\ufonts.com_futura-extrabold-oblique.ttf' not found
00:02.469  reports          | ERROR Unable to pack file, source path 'G:\Windows\Fonts\ufonts.com_futura-extrabold-oblique.ttf' not found
00:02.469  geom.vfont       | WARNING Font file doesn't exist: //..\..\..\Windows\Fonts\ufonts.com_futura-extrabold-oblique.ttf
00:02.469  reports          | ERROR Unable to pack file, source path 'G:\Windows\Fonts\ufonts.com_futura-extrabold-oblique.ttf' not found
00:02.469  reports          | ERROR Unable to pack file, source path 'G:\Windows\Fonts\ufonts.com_futura-extrabold-oblique.ttf' not found
00:02.469  geom.vfont       | WARNING Font file doesn't exist: //..\..\..\Windows\Fonts\ufonts.com_futura-extrabold-oblique.ttf
00:02.469  reports          | ERROR Unable to pack file, source path 'G:\Windows\Fonts\ufonts.com_futura-extrabold-oblique.ttf' not found
00:02.469  reports          | ERROR Unable to pack file, source path 'G:\Windows\Fonts\ufonts.com_futura-extrabold-oblique.ttf' not found
00:02.469  geom.vfont       | WARNING Font file doesn't exist: //..\..\..\Windows\Fonts\ufonts.com_futura-extrabold-oblique.ttf
00:02.469  reports          | ERROR Unable to pack file, source path 'G:\Windows\Fonts\ufonts.com_futura-extrabold-oblique.ttf' not found
00:02.469  reports          | ERROR Unable to pack file, source path 'G:\Windows\Fonts\ufonts.com_futura-extrabold-oblique.ttf' not found
00:02.469  geom.vfont       | WARNING Font file doesn't exist: //..\..\..\Windows\Fonts\ufonts.com_futura-extrabold-oblique.ttf
00:02.469  reports          | ERROR Unable to pack file, source path 'G:\Windows\Fonts\ufonts.com_futura-extrabold-oblique.ttf' not found
00:02.469  reports          | ERROR Unable to pack file, source path 'G:\Windows\Fonts\ufonts.com_futura-extrabold-oblique.ttf' not found
00:02.469  geom.vfont       | WARNING Font file doesn't exist: //..\..\..\Windows\Fonts\ufonts.com_futura-extrabold-oblique.ttf
00:02.469  reports          | ERROR Unable to pack file, source path 'G:\Windows\Fonts\ufonts.com_futura-extrabold-oblique.ttf' not found
00:02.469  reports          | ERROR Unable to pack file, source path 'G:\Windows\Fonts\ufonts.com_futura-extrabold-oblique.ttf' not found
00:02.469  geom.vfont       | WARNING Font file doesn't exist: //..\..\..\Windows\Fonts\ufonts.com_futura-extrabold-oblique.ttf
00:02.469  reports          | ERROR Unable to pack file, source path 'G:\Windows\Fonts\ufonts.com_futura-extrabold-oblique.ttf' not found
00:02.469  reports          | ERROR Unable to pack file, source path 'G:\Windows\Fonts\ufonts.com_futura-extrabold-oblique.ttf' not found
00:02.469  geom.vfont       | WARNING Font file doesn't exist: //..\..\..\Windows\Fonts\ufonts.com_futura-extrabold-oblique.ttf
00:02.469  reports          | ERROR Unable to pack file, source path 'G:\Windows\Fonts\ufonts.com_futura-extrabold-oblique.ttf' not found
00:02.469  reports          | ERROR Unable to pack file, source path 'G:\Windows\Fonts\ufonts.com_futura-extrabold-oblique.ttf' not found
00:02.469  geom.vfont       | WARNING Font file doesn't exist: //..\..\..\Windows\Fonts\ufonts.com_futura-extrabold-oblique.ttf
00:02.469  reports          | ERROR Unable to pack file, source path 'G:\Windows\Fonts\ufonts.com_futura-extrabold-oblique.ttf' not found
00:02.469  reports          | ERROR Unable to pack file, source path 'G:\Windows\Fonts\ufonts.com_futura-extrabold-oblique.ttf' not found
00:02.469  geom.vfont       | WARNING Font file doesn't exist: //..\..\..\Windows\Fonts\ufonts.com_futura-extrabold-oblique.ttf
00:02.469  reports          | ERROR Unable to pack file, source path 'G:\Windows\Fonts\ufonts.com_futura-extrabold-oblique.ttf' not found
00:02.469  reports          | ERROR Unable to pack file, source path 'G:\Windows\Fonts\ufonts.com_futura-extrabold-oblique.ttf' not found
00:02.469  geom.vfont       | WARNING Font file doesn't exist: //..\..\..\Windows\Fonts\ufonts.com_futura-extrabold-oblique.ttf
00:02.469  reports          | ERROR Unable to pack file, source path 'G:\Windows\Fonts\ufonts.com_futura-extrabold-oblique.ttf' not found
00:02.469  reports          | ERROR Unable to pack file, source path 'G:\Windows\Fonts\ufonts.com_futura-extrabold-oblique.ttf' not found
00:02.469  geom.vfont       | WARNING Font file doesn't exist: //..\..\..\Windows\Fonts\ufonts.com_futura-extrabold-oblique.ttf
00:02.469  reports          | ERROR Unable to pack file, source path 'G:\Windows\Fonts\ufonts.com_futura-extrabold-oblique.ttf' not found
00:02.469  reports          | ERROR Unable to pack file, source path 'G:\Windows\Fonts\ufonts.com_futura-extrabold-oblique.ttf' not found
00:02.469  geom.vfont       | WARNING Font file doesn't exist: //..\..\..\Windows\Fonts\ufonts.com_futura-extrabold-oblique.ttf
00:02.469  reports          | ERROR Unable to pack file, source path 'G:\Windows\Fonts\ufonts.com_futura-extrabold-oblique.ttf' not found
00:02.469  reports          | ERROR Unable to pack file, source path 'G:\Windows\Fonts\ufonts.com_futura-extrabold-oblique.ttf' not found
00:02.469  geom.vfont       | WARNING Font file doesn't exist: //..\..\..\Windows\Fonts\ufonts.com_futura-extrabold-oblique.ttf
00:02.469  reports          | ERROR Unable to pack file, source path 'G:\Windows\Fonts\ufonts.com_futura-extrabold-oblique.ttf' not found
00:02.469  reports          | ERROR Unable to pack file, source path 'G:\Windows\Fonts\ufonts.com_futura-extrabold-oblique.ttf' not found
00:02.469  geom.vfont       | WARNING Font file doesn't exist: //..\..\..\Windows\Fonts\ufonts.com_futura-extrabold-oblique.ttf
00:02.469  reports          | ERROR Unable to pack file, source path 'G:\Windows\Fonts\ufonts.com_futura-extrabold-oblique.ttf' not found
00:02.469  reports          | ERROR Unable to pack file, source path 'G:\Windows\Fonts\ufonts.com_futura-extrabold-oblique.ttf' not found
00:02.469  geom.vfont       | WARNING Font file doesn't exist: //..\..\..\Windows\Fonts\ufonts.com_futura-extrabold-oblique.ttf
00:02.469  reports          | ERROR Unable to pack file, source path 'G:\Windows\Fonts\ufonts.com_futura-extrabold-oblique.ttf' not found
00:02.469  reports          | ERROR Unable to pack file, source path 'G:\Windows\Fonts\ufonts.com_futura-extrabold-oblique.ttf' not found
00:02.469  geom.vfont       | WARNING Font file doesn't exist: //..\..\..\Windows\Fonts\ufonts.com_futura-extrabold-oblique.ttf
00:02.469  reports          | ERROR Unable to pack file, source path 'G:\Windows\Fonts\ufonts.com_futura-extrabold-oblique.ttf' not found
00:02.469  reports          | ERROR Unable to pack file, source path 'G:\Windows\Fonts\ufonts.com_futura-extrabold-oblique.ttf' not found
00:02.469  geom.vfont       | WARNING Font file doesn't exist: //..\..\..\Windows\Fonts\ufonts.com_futura-extrabold-oblique.ttf
00:02.469  reports          | ERROR Unable to pack file, source path 'G:\Windows\Fonts\ufonts.com_futura-extrabold-oblique.ttf' not found
00:02.469  reports          | ERROR Unable to pack file, source path 'G:\Windows\Fonts\ufonts.com_futura-extrabold-oblique.ttf' not found
00:02.469  geom.vfont       | WARNING Font file doesn't exist: //..\..\..\Windows\Fonts\ufonts.com_futura-extrabold-oblique.ttf
00:02.469  reports          | ERROR Unable to pack file, source path 'G:\Windows\Fonts\ufonts.com_futura-extrabold-oblique.ttf' not found
00:02.469  reports          | ERROR Unable to pack file, source path 'G:\Windows\Fonts\ufonts.com_futura-extrabold-oblique.ttf' not found
00:02.469  geom.vfont       | WARNING Font file doesn't exist: //..\..\..\Windows\Fonts\ufonts.com_futura-extrabold-oblique.ttf
00:02.469  reports          | ERROR Unable to pack file, source path 'G:\Windows\Fonts\ufonts.com_futura-extrabold-oblique.ttf' not found
00:02.469  reports          | ERROR Unable to pack file, source path 'G:\Windows\Fonts\ufonts.com_futura-extrabold-oblique.ttf' not found
00:02.469  geom.vfont       | WARNING Font file doesn't exist: //..\..\..\Windows\Fonts\ufonts.com_futura-extrabold-oblique.ttf
00:02.469  reports          | ERROR Unable to pack file, source path 'G:\Windows\Fonts\ufonts.com_futura-extrabold-oblique.ttf' not found
00:02.469  reports          | ERROR Unable to pack file, source path 'G:\Windows\Fonts\ufonts.com_futura-extrabold-oblique.ttf' not found
00:02.469  geom.vfont       | WARNING Font file doesn't exist: //..\..\..\Windows\Fonts\ufonts.com_futura-extrabold-oblique.ttf
00:02.469  reports          | ERROR Unable to pack file, source path 'G:\Windows\Fonts\ufonts.com_futura-extrabold-oblique.ttf' not found
00:02.469  reports          | ERROR Unable to pack file, source path 'G:\Windows\Fonts\ufonts.com_futura-extrabold-oblique.ttf' not found
00:02.469  geom.vfont       | WARNING Font file doesn't exist: //..\..\..\Windows\Fonts\ufonts.com_futura-extrabold-oblique.ttf
00:02.469  reports          | ERROR Unable to pack file, source path 'G:\Windows\Fonts\ufonts.com_futura-extrabold-oblique.ttf' not found
00:02.469  reports          | ERROR Unable to pack file, source path 'G:\Windows\Fonts\ufonts.com_futura-extrabold-oblique.ttf' not found
00:02.469  geom.vfont       | WARNING Font file doesn't exist: //..\..\..\Windows\Fonts\ufonts.com_futura-extrabold-oblique.ttf
00:02.469  reports          | ERROR Unable to pack file, source path 'G:\Windows\Fonts\ufonts.com_futura-extrabold-oblique.ttf' not found
00:02.469  reports          | ERROR Unable to pack file, source path 'G:\Windows\Fonts\ufonts.com_futura-extrabold-oblique.ttf' not found
00:02.469  geom.vfont       | WARNING Font file doesn't exist: //..\..\..\Windows\Fonts\ufonts.com_futura-extrabold-oblique.ttf
00:02.469  reports          | ERROR Unable to pack file, source path 'G:\Windows\Fonts\ufonts.com_futura-extrabold-oblique.ttf' not found
00:02.469  reports          | ERROR Unable to pack file, source path 'G:\Windows\Fonts\ufonts.com_futura-extrabold-oblique.ttf' not found
00:02.469  geom.vfont       | WARNING Font file doesn't exist: //..\..\..\Windows\Fonts\ufonts.com_futura-extrabold-oblique.ttf
00:02.469  reports          | ERROR Unable to pack file, source path 'G:\Windows\Fonts\ufonts.com_futura-extrabold-oblique.ttf' not found
00:02.469  reports          | ERROR Unable to pack file, source path 'G:\Windows\Fonts\ufonts.com_futura-extrabold-oblique.ttf' not found
00:02.469  geom.vfont       | WARNING Font file doesn't exist: //..\..\..\Windows\Fonts\ufonts.com_futura-extrabold-oblique.ttf
00:02.469  reports          | ERROR Unable to pack file, source path 'G:\Windows\Fonts\ufonts.com_futura-extrabold-oblique.ttf' not found
00:02.469  reports          | ERROR Unable to pack file, source path 'G:\Windows\Fonts\ufonts.com_futura-extrabold-oblique.ttf' not found
00:02.469  geom.vfont       | WARNING Font file doesn't exist: //..\..\..\Windows\Fonts\ufonts.com_futura-extrabold-oblique.ttf
00:02.469  reports          | ERROR Unable to pack file, source path 'G:\Windows\Fonts\ufonts.com_futura-extrabold-oblique.ttf' not found
00:02.469  reports          | ERROR Unable to pack file, source path 'G:\Windows\Fonts\ufonts.com_futura-extrabold-oblique.ttf' not found
00:02.469  geom.vfont       | WARNING Font file doesn't exist: //..\..\..\Windows\Fonts\ufonts.com_futura-extrabold-oblique.ttf
00:02.469  reports          | ERROR Unable to pack file, source path 'G:\Windows\Fonts\ufonts.com_futura-extrabold-oblique.ttf' not found
00:02.469  reports          | ERROR Unable to pack file, source path 'G:\Windows\Fonts\ufonts.com_futura-extrabold-oblique.ttf' not found
00:02.469  geom.vfont       | WARNING Font file doesn't exist: //..\..\..\Windows\Fonts\ufonts.com_futura-extrabold-oblique.ttf
00:02.469  reports          | ERROR Unable to pack file, source path 'G:\Windows\Fonts\ufonts.com_futura-extrabold-oblique.ttf' not found
00:02.469  reports          | ERROR Unable to pack file, source path 'G:\Windows\Fonts\ufonts.com_futura-extrabold-oblique.ttf' not found
00:02.469  geom.vfont       | WARNING Font file doesn't exist: //..\..\..\Windows\Fonts\ufonts.com_futura-extrabold-oblique.ttf
00:02.469  reports          | ERROR Unable to pack file, source path 'G:\Windows\Fonts\ufonts.com_futura-extrabold-oblique.ttf' not found
00:02.469  reports          | ERROR Unable to pack file, source path 'G:\Windows\Fonts\ufonts.com_futura-extrabold-oblique.ttf' not found
00:02.469  geom.vfont       | WARNING Font file doesn't exist: //..\..\..\Windows\Fonts\ufonts.com_futura-extrabold-oblique.ttf
00:02.469  reports          | ERROR Unable to pack file, source path 'G:\Windows\Fonts\ufonts.com_futura-extrabold-oblique.ttf' not found
00:02.469  reports          | ERROR Unable to pack file, source path 'G:\Windows\Fonts\ufonts.com_futura-extrabold-oblique.ttf' not found
00:02.469  geom.vfont       | WARNING Font file doesn't exist: //..\..\..\Windows\Fonts\ufonts.com_futura-extrabold-oblique.ttf
00:02.469  reports          | ERROR Unable to pack file, source path 'G:\Windows\Fonts\ufonts.com_futura-extrabold-oblique.ttf' not found
00:02.469  reports          | ERROR Unable to pack file, source path 'G:\Windows\Fonts\ufonts.com_futura-extrabold-oblique.ttf' not found
00:02.469  geom.vfont       | WARNING Font file doesn't exist: //..\..\..\Windows\Fonts\ufonts.com_futura-extrabold-oblique.ttf
00:02.469  reports          | ERROR Unable to pack file, source path 'G:\Windows\Fonts\ufonts.com_futura-extrabold-oblique.ttf' not found
00:02.469  reports          | ERROR Unable to pack file, source path 'G:\Windows\Fonts\ufonts.com_futura-extrabold-oblique.ttf' not found
00:02.469  geom.vfont       | WARNING Font file doesn't exist: //..\..\..\Windows\Fonts\ufonts.com_futura-extrabold-oblique.ttf
00:02.469  reports          | ERROR Unable to pack file, source path 'G:\Windows\Fonts\ufonts.com_futura-extrabold-oblique.ttf' not found
00:02.469  reports          | ERROR Unable to pack file, source path 'G:\Windows\Fonts\ufonts.com_futura-extrabold-oblique.ttf' not found
00:02.469  geom.vfont       | WARNING Font file doesn't exist: //..\..\..\Windows\Fonts\ufonts.com_futura-extrabold-oblique.ttf
00:02.469  reports          | ERROR Unable to pack file, source path 'G:\Windows\Fonts\ufonts.com_futura-extrabold-oblique.ttf' not found
00:02.469  reports          | ERROR Unable to pack file, source path 'G:\Windows\Fonts\ufonts.com_futura-extrabold-oblique.ttf' not found
00:02.469  geom.vfont       | WARNING Font file doesn't exist: //..\..\..\Windows\Fonts\ufonts.com_futura-extrabold-oblique.ttf
00:02.469  reports          | ERROR Unable to pack file, source path 'G:\Windows\Fonts\ufonts.com_futura-extrabold-oblique.ttf' not found
00:02.469  reports          | ERROR Unable to pack file, source path 'G:\Windows\Fonts\ufonts.com_futura-extrabold-oblique.ttf' not found
00:02.469  geom.vfont       | WARNING Font file doesn't exist: //..\..\..\Windows\Fonts\ufonts.com_futura-extrabold-oblique.ttf
00:02.469  reports          | ERROR Unable to pack file, source path 'G:\Windows\Fonts\ufonts.com_futura-extrabold-oblique.ttf' not found
00:02.469  reports          | ERROR Unable to pack file, source path 'G:\Windows\Fonts\ufonts.com_futura-extrabold-oblique.ttf' not found
00:02.469  geom.vfont       | WARNING Font file doesn't exist: //..\..\..\Windows\Fonts\ufonts.com_futura-extrabold-oblique.ttf
00:02.469  reports          | ERROR Unable to pack file, source path 'G:\Windows\Fonts\ufonts.com_futura-extrabold-oblique.ttf' not found
00:02.469  reports          | ERROR Unable to pack file, source path 'G:\Windows\Fonts\ufonts.com_futura-extrabold-oblique.ttf' not found
00:02.469  geom.vfont       | WARNING Font file doesn't exist: //..\..\..\Windows\Fonts\ufonts.com_futura-extrabold-oblique.ttf
00:02.469  reports          | ERROR Unable to pack file, source path 'G:\Windows\Fonts\ufonts.com_futura-extrabold-oblique.ttf' not found
00:02.469  reports          | ERROR Unable to pack file, source path 'G:\Windows\Fonts\ufonts.com_futura-extrabold-oblique.ttf' not found
00:02.469  geom.vfont       | WARNING Font file doesn't exist: //..\..\..\Windows\Fonts\ufonts.com_futura-extrabold-oblique.ttf
00:02.469  reports          | ERROR Unable to pack file, source path 'G:\Windows\Fonts\ufonts.com_futura-extrabold-oblique.ttf' not found
00:02.469  reports          | ERROR Unable to pack file, source path 'G:\Windows\Fonts\ufonts.com_futura-extrabold-oblique.ttf' not found
00:02.469  geom.vfont       | WARNING Font file doesn't exist: //..\..\..\Windows\Fonts\ufonts.com_futura-extrabold-oblique.ttf
00:02.469  reports          | ERROR Unable to pack file, source path 'G:\Windows\Fonts\ufonts.com_futura-extrabold-oblique.ttf' not found
00:02.469  reports          | ERROR Unable to pack file, source path 'G:\Windows\Fonts\ufonts.com_futura-extrabold-oblique.ttf' not found
00:02.469  geom.vfont       | WARNING Font file doesn't exist: //..\..\..\Windows\Fonts\ufonts.com_futura-extrabold-oblique.ttf
00:02.469  reports          | ERROR Unable to pack file, source path 'G:\Windows\Fonts\ufonts.com_futura-extrabold-oblique.ttf' not found
00:02.469  reports          | ERROR Unable to pack file, source path 'G:\Windows\Fonts\ufonts.com_futura-extrabold-oblique.ttf' not found
00:02.469  geom.vfont       | WARNING Font file doesn't exist: //..\..\..\Windows\Fonts\ufonts.com_futura-extrabold-oblique.ttf
00:02.469  reports          | ERROR Unable to pack file, source path 'G:\Windows\Fonts\ufonts.com_futura-extrabold-oblique.ttf' not found
00:02.469  reports          | ERROR Unable to pack file, source path 'G:\Windows\Fonts\ufonts.com_futura-extrabold-oblique.ttf' not found
00:02.469  geom.vfont       | WARNING Font file doesn't exist: //..\..\..\Windows\Fonts\ufonts.com_futura-extrabold-oblique.ttf
00:02.469  reports          | ERROR Unable to pack file, source path 'G:\Windows\Fonts\ufonts.com_futura-extrabold-oblique.ttf' not found
00:02.469  reports          | ERROR Unable to pack file, source path 'G:\Windows\Fonts\ufonts.com_futura-extrabold-oblique.ttf' not found
00:02.469  geom.vfont       | WARNING Font file doesn't exist: //..\..\..\Windows\Fonts\ufonts.com_futura-extrabold-oblique.ttf
00:02.469  reports          | ERROR Unable to pack file, source path 'G:\Windows\Fonts\ufonts.com_futura-extrabold-oblique.ttf' not found
00:02.469  reports          | ERROR Unable to pack file, source path 'G:\Windows\Fonts\ufonts.com_futura-extrabold-oblique.ttf' not found
00:02.469  geom.vfont       | WARNING Font file doesn't exist: //..\..\..\Windows\Fonts\ufonts.com_futura-extrabold-oblique.ttf
00:02.469  reports          | ERROR Unable to pack file, source path 'G:\Windows\Fonts\ufonts.com_futura-extrabold-oblique.ttf' not found
00:02.469  reports          | ERROR Unable to pack file, source path 'G:\Windows\Fonts\ufonts.com_futura-extrabold-oblique.ttf' not found
00:02.469  geom.vfont       | WARNING Font file doesn't exist: //..\..\..\Windows\Fonts\ufonts.com_futura-extrabold-oblique.ttf
00:02.469  reports          | ERROR Unable to pack file, source path 'G:\Windows\Fonts\ufonts.com_futura-extrabold-oblique.ttf' not found
00:02.469  reports          | ERROR Unable to pack file, source path 'G:\Windows\Fonts\ufonts.com_futura-extrabold-oblique.ttf' not found
00:02.469  geom.vfont       | WARNING Font file doesn't exist: //..\..\..\Windows\Fonts\ufonts.com_futura-extrabold-oblique.ttf
00:02.469  reports          | ERROR Unable to pack file, source path 'G:\Windows\Fonts\ufonts.com_futura-extrabold-oblique.ttf' not found
00:02.469  reports          | ERROR Unable to pack file, source path 'G:\Windows\Fonts\ufonts.com_futura-extrabold-oblique.ttf' not found
00:02.469  geom.vfont       | WARNING Font file doesn't exist: //..\..\..\Windows\Fonts\ufonts.com_futura-extrabold-oblique.ttf
00:02.469  reports          | ERROR Unable to pack file, source path 'G:\Windows\Fonts\ufonts.com_futura-extrabold-oblique.ttf' not found
00:02.469  reports          | ERROR Unable to pack file, source path 'G:\Windows\Fonts\ufonts.com_futura-extrabold-oblique.ttf' not found
00:02.469  geom.vfont       | WARNING Font file doesn't exist: //..\..\..\Windows\Fonts\ufonts.com_futura-extrabold-oblique.ttf
00:02.469  reports          | ERROR Unable to pack file, source path 'G:\Windows\Fonts\ufonts.com_futura-extrabold-oblique.ttf' not found
00:02.469  reports          | ERROR Unable to pack file, source path 'G:\Windows\Fonts\ufonts.com_futura-extrabold-oblique.ttf' not found
00:02.469  geom.vfont       | WARNING Font file doesn't exist: //..\..\..\Windows\Fonts\ufonts.com_futura-extrabold-oblique.ttf
00:02.469  reports          | ERROR Unable to pack file, source path 'G:\Windows\Fonts\ufonts.com_futura-extrabold-oblique.ttf' not found
00:02.469  reports          | ERROR Unable to pack file, source path 'G:\Windows\Fonts\ufonts.com_futura-extrabold-oblique.ttf' not found
00:02.469  geom.vfont       | WARNING Font file doesn't exist: //..\..\..\Windows\Fonts\ufonts.com_futura-extrabold-oblique.ttf
00:02.469  reports          | ERROR Unable to pack file, source path 'G:\Windows\Fonts\ufonts.com_futura-extrabold-oblique.ttf' not found
00:02.469  reports          | ERROR Unable to pack file, source path 'G:\Windows\Fonts\ufonts.com_futura-extrabold-oblique.ttf' not found
00:02.469  geom.vfont       | WARNING Font file doesn't exist: //..\..\..\Windows\Fonts\ufonts.com_futura-extrabold-oblique.ttf
00:02.469  reports          | ERROR Unable to pack file, source path 'G:\Windows\Fonts\ufonts.com_futura-extrabold-oblique.ttf' not found
00:02.469  reports          | ERROR Unable to pack file, source path 'G:\Windows\Fonts\ufonts.com_futura-extrabold-oblique.ttf' not found
00:02.469  geom.vfont       | WARNING Font file doesn't exist: //..\..\..\Windows\Fonts\ufonts.com_futura-extrabold-oblique.ttf
00:02.469  reports          | ERROR Unable to pack file, source path 'G:\Windows\Fonts\ufonts.com_futura-extrabold-oblique.ttf' not found
00:02.469  reports          | ERROR Unable to pack file, source path 'G:\Windows\Fonts\ufonts.com_futura-extrabold-oblique.ttf' not found
00:02.469  geom.vfont       | WARNING Font file doesn't exist: //..\..\..\Windows\Fonts\ufonts.com_futura-extrabold-oblique.ttf
00:02.469  reports          | ERROR Unable to pack file, source path 'G:\Windows\Fonts\ufonts.com_futura-extrabold-oblique.ttf' not found
00:02.469  reports          | ERROR Unable to pack file, source path 'G:\Windows\Fonts\ufonts.com_futura-extrabold-oblique.ttf' not found
00:02.469  geom.vfont       | WARNING Font file doesn't exist: //..\..\..\Windows\Fonts\ufonts.com_futura-extrabold-oblique.ttf
00:02.469  reports          | ERROR Unable to pack file, source path 'G:\Windows\Fonts\ufonts.com_futura-extrabold-oblique.ttf' not found
00:02.469  reports          | ERROR Unable to pack file, source path 'G:\Windows\Fonts\ufonts.com_futura-extrabold-oblique.ttf' not found
00:02.469  geom.vfont       | WARNING Font file doesn't exist: //..\..\..\Windows\Fonts\ufonts.com_futura-extrabold-oblique.ttf
00:02.469  reports          | ERROR Unable to pack file, source path 'G:\Windows\Fonts\ufonts.com_futura-extrabold-oblique.ttf' not found
00:02.469  reports          | ERROR Unable to pack file, source path 'G:\Windows\Fonts\ufonts.com_futura-extrabold-oblique.ttf' not found
00:02.469  geom.vfont       | WARNING Font file doesn't exist: //..\..\..\Windows\Fonts\ufonts.com_futura-extrabold-oblique.ttf
00:02.469  reports          | ERROR Unable to pack file, source path 'G:\Windows\Fonts\ufonts.com_futura-extrabold-oblique.ttf' not found
00:02.469  reports          | ERROR Unable to pack file, source path 'G:\Windows\Fonts\ufonts.com_futura-extrabold-oblique.ttf' not found
00:02.469  geom.vfont       | WARNING Font file doesn't exist: //..\..\..\Windows\Fonts\ufonts.com_futura-extrabold-oblique.ttf
00:02.469  reports          | ERROR Unable to pack file, source path 'G:\Windows\Fonts\ufonts.com_futura-extrabold-oblique.ttf' not found
00:02.469  reports          | ERROR Unable to pack file, source path 'G:\Windows\Fonts\ufonts.com_futura-extrabold-oblique.ttf' not found
00:02.469  geom.vfont       | WARNING Font file doesn't exist: //..\..\..\Windows\Fonts\ufonts.com_futura-extrabold-oblique.ttf
00:02.469  reports          | ERROR Unable to pack file, source path 'G:\Windows\Fonts\ufonts.com_futura-extrabold-oblique.ttf' not found
00:02.469  reports          | ERROR Unable to pack file, source path 'G:\Windows\Fonts\ufonts.com_futura-extrabold-oblique.ttf' not found
00:02.469  geom.vfont       | WARNING Font file doesn't exist: //..\..\..\Windows\Fonts\ufonts.com_futura-extrabold-oblique.ttf
00:02.469  reports          | ERROR Unable to pack file, source path 'G:\Windows\Fonts\ufonts.com_futura-extrabold-oblique.ttf' not found
00:02.469  reports          | ERROR Unable to pack file, source path 'G:\Windows\Fonts\ufonts.com_futura-extrabold-oblique.ttf' not found
00:02.469  geom.vfont       | WARNING Font file doesn't exist: //..\..\..\Windows\Fonts\ufonts.com_futura-extrabold-oblique.ttf
00:02.469  reports          | ERROR Unable to pack file, source path 'G:\Windows\Fonts\ufonts.com_futura-extrabold-oblique.ttf' not found
00:02.469  reports          | ERROR Unable to pack file, source path 'G:\Windows\Fonts\ufonts.com_futura-extrabold-oblique.ttf' not found
00:02.469  geom.vfont       | WARNING Font file doesn't exist: //..\..\..\Windows\Fonts\ufonts.com_futura-extrabold-oblique.ttf
00:02.469  reports          | ERROR Unable to pack file, source path 'G:\Windows\Fonts\ufonts.com_futura-extrabold-oblique.ttf' not found
00:02.469  reports          | ERROR Unable to pack file, source path 'G:\Windows\Fonts\ufonts.com_futura-extrabold-oblique.ttf' not found
00:02.469  geom.vfont       | WARNING Font file doesn't exist: //..\..\..\Windows\Fonts\ufonts.com_futura-extrabold-oblique.ttf
00:02.469  reports          | ERROR Unable to pack file, source path 'G:\Windows\Fonts\ufonts.com_futura-extrabold-oblique.ttf' not found
00:02.469  reports          | ERROR Unable to pack file, source path 'G:\Windows\Fonts\ufonts.com_futura-extrabold-oblique.ttf' not found
00:02.469  geom.vfont       | WARNING Font file doesn't exist: //..\..\..\Windows\Fonts\ufonts.com_futura-extrabold-oblique.ttf
00:02.469  reports          | ERROR Unable to pack file, source path 'G:\Windows\Fonts\ufonts.com_futura-extrabold-oblique.ttf' not found
00:02.469  reports          | ERROR Unable to pack file, source path 'G:\Windows\Fonts\ufonts.com_futura-extrabold-oblique.ttf' not found
00:02.469  geom.vfont       | WARNING Font file doesn't exist: //..\..\..\Windows\Fonts\ufonts.com_futura-extrabold-oblique.ttf
00:02.469  reports          | ERROR Unable to pack file, source path 'G:\Windows\Fonts\ufonts.com_futura-extrabold-oblique.ttf' not found
00:02.469  reports          | ERROR Unable to pack file, source path 'G:\Windows\Fonts\ufonts.com_futura-extrabold-oblique.ttf' not found
00:02.469  geom.vfont       | WARNING Font file doesn't exist: //..\..\..\Windows\Fonts\ufonts.com_futura-extrabold-oblique.ttf
00:02.469  reports          | ERROR Unable to pack file, source path 'G:\Windows\Fonts\ufonts.com_futura-extrabold-oblique.ttf' not found
00:02.469  reports          | ERROR Unable to pack file, source path 'G:\Windows\Fonts\ufonts.com_futura-extrabold-oblique.ttf' not found
00:02.469  geom.vfont       | WARNING Font file doesn't exist: //..\..\..\Windows\Fonts\ufonts.com_futura-extrabold-oblique.ttf
00:02.485  reports          | ERROR Unable to pack file, source path 'G:\Windows\Fonts\ufonts.com_futura-extrabold-oblique.ttf' not found
00:02.485  reports          | ERROR Unable to pack file, source path 'G:\Windows\Fonts\ufonts.com_futura-extrabold-oblique.ttf' not found
00:02.485  geom.vfont       | WARNING Font file doesn't exist: //..\..\..\Windows\Fonts\ufonts.com_futura-extrabold-oblique.ttf
00:02.485  reports          | ERROR Unable to pack file, source path 'G:\Windows\Fonts\ufonts.com_futura-extrabold-oblique.ttf' not found
00:02.485  reports          | ERROR Unable to pack file, source path 'G:\Windows\Fonts\ufonts.com_futura-extrabold-oblique.ttf' not found
00:02.485  geom.vfont       | WARNING Font file doesn't exist: //..\..\..\Windows\Fonts\ufonts.com_futura-extrabold-oblique.ttf
00:02.485  reports          | ERROR Unable to pack file, source path 'G:\Windows\Fonts\ufonts.com_futura-extrabold-oblique.ttf' not found
00:02.485  reports          | ERROR Unable to pack file, source path 'G:\Windows\Fonts\ufonts.com_futura-extrabold-oblique.ttf' not found
00:02.485  geom.vfont       | WARNING Font file doesn't exist: //..\..\..\Windows\Fonts\ufonts.com_futura-extrabold-oblique.ttf
00:02.485  reports          | ERROR Unable to pack file, source path 'G:\Windows\Fonts\ufonts.com_futura-extrabold-oblique.ttf' not found
00:02.485  reports          | ERROR Unable to pack file, source path 'G:\Windows\Fonts\ufonts.com_futura-extrabold-oblique.ttf' not found
00:02.485  geom.vfont       | WARNING Font file doesn't exist: //..\..\..\Windows\Fonts\ufonts.com_futura-extrabold-oblique.ttf
00:02.485  reports          | ERROR Unable to pack file, source path 'G:\Windows\Fonts\ufonts.com_futura-extrabold-oblique.ttf' not found
00:02.485  reports          | ERROR Unable to pack file, source path 'G:\Windows\Fonts\ufonts.com_futura-extrabold-oblique.ttf' not found
00:02.485  geom.vfont       | WARNING Font file doesn't exist: //..\..\..\Windows\Fonts\ufonts.com_futura-extrabold-oblique.ttf
00:02.485  reports          | ERROR Unable to pack file, source path 'G:\Windows\Fonts\ufonts.com_futura-extrabold-oblique.ttf' not found
00:02.485  reports          | ERROR Unable to pack file, source path 'G:\Windows\Fonts\ufonts.com_futura-extrabold-oblique.ttf' not found
00:02.485  geom.vfont       | WARNING Font file doesn't exist: //..\..\..\Windows\Fonts\ufonts.com_futura-extrabold-oblique.ttf
00:02.485  reports          | ERROR Unable to pack file, source path 'G:\Windows\Fonts\ufonts.com_futura-extrabold-oblique.ttf' not found
00:02.485  reports          | ERROR Unable to pack file, source path 'G:\Windows\Fonts\ufonts.com_futura-extrabold-oblique.ttf' not found
00:02.485  geom.vfont       | WARNING Font file doesn't exist: //..\..\..\Windows\Fonts\ufonts.com_futura-extrabold-oblique.ttf
00:02.485  reports          | ERROR Unable to pack file, source path 'G:\Windows\Fonts\ufonts.com_futura-extrabold-oblique.ttf' not found
00:02.485  reports          | ERROR Unable to pack file, source path 'G:\Windows\Fonts\ufonts.com_futura-extrabold-oblique.ttf' not found
00:02.485  geom.vfont       | WARNING Font file doesn't exist: //..\..\..\Windows\Fonts\ufonts.com_futura-extrabold-oblique.ttf
00:02.485  reports          | ERROR Unable to pack file, source path 'G:\Windows\Fonts\ufonts.com_futura-extrabold-oblique.ttf' not found
00:02.485  reports          | ERROR Unable to pack file, source path 'G:\Windows\Fonts\ufonts.com_futura-extrabold-oblique.ttf' not found
00:02.485  geom.vfont       | WARNING Font file doesn't exist: //..\..\..\Windows\Fonts\ufonts.com_futura-extrabold-oblique.ttf
00:02.485  reports          | ERROR Unable to pack file, source path 'G:\Windows\Fonts\ufonts.com_futura-extrabold-oblique.ttf' not found
00:02.485  reports          | ERROR Unable to pack file, source path 'G:\Windows\Fonts\ufonts.com_futura-extrabold-oblique.ttf' not found
00:02.485  geom.vfont       | WARNING Font file doesn't exist: //..\..\..\Windows\Fonts\ufonts.com_futura-extrabold-oblique.ttf
00:02.485  reports          | ERROR Unable to pack file, source path 'G:\Windows\Fonts\ufonts.com_futura-extrabold-oblique.ttf' not found
00:02.485  reports          | ERROR Unable to pack file, source path 'G:\Windows\Fonts\ufonts.com_futura-extrabold-oblique.ttf' not found
00:02.485  geom.vfont       | WARNING Font file doesn't exist: //..\..\..\Windows\Fonts\ufonts.com_futura-extrabold-oblique.ttf
00:02.485  reports          | ERROR Unable to pack file, source path 'G:\Windows\Fonts\ufonts.com_futura-extrabold-oblique.ttf' not found
00:02.485  reports          | ERROR Unable to pack file, source path 'G:\Windows\Fonts\ufonts.com_futura-extrabold-oblique.ttf' not found
00:02.485  geom.vfont       | WARNING Font file doesn't exist: //..\..\..\Windows\Fonts\ufonts.com_futura-extrabold-oblique.ttf
00:02.485  reports          | ERROR Unable to pack file, source path 'G:\Windows\Fonts\ufonts.com_futura-extrabold-oblique.ttf' not found
00:02.485  reports          | ERROR Unable to pack file, source path 'G:\Windows\Fonts\ufonts.com_futura-extrabold-oblique.ttf' not found
00:02.485  geom.vfont       | WARNING Font file doesn't exist: //..\..\..\Windows\Fonts\ufonts.com_futura-extrabold-oblique.ttf
00:02.485  reports          | ERROR Unable to pack file, source path 'G:\Windows\Fonts\ufonts.com_futura-extrabold-oblique.ttf' not found
00:02.485  reports          | ERROR Unable to pack file, source path 'G:\Windows\Fonts\ufonts.com_futura-extrabold-oblique.ttf' not found
00:02.485  geom.vfont       | WARNING Font file doesn't exist: //..\..\..\Windows\Fonts\ufonts.com_futura-extrabold-oblique.ttf
00:02.485  reports          | ERROR Unable to pack file, source path 'G:\Windows\Fonts\ufonts.com_futura-extrabold-oblique.ttf' not found
00:02.485  reports          | ERROR Unable to pack file, source path 'G:\Windows\Fonts\ufonts.com_futura-extrabold-oblique.ttf' not found
00:02.485  geom.vfont       | WARNING Font file doesn't exist: //..\..\..\Windows\Fonts\ufonts.com_futura-extrabold-oblique.ttf
00:02.485  reports          | ERROR Unable to pack file, source path 'G:\Windows\Fonts\ufonts.com_futura-extrabold-oblique.ttf' not found
00:02.485  reports          | ERROR Unable to pack file, source path 'G:\Windows\Fonts\ufonts.com_futura-extrabold-oblique.ttf' not found
00:02.485  geom.vfont       | WARNING Font file doesn't exist: //..\..\..\Windows\Fonts\ufonts.com_futura-extrabold-oblique.ttf
00:02.485  reports          | ERROR Unable to pack file, source path 'G:\Windows\Fonts\ufonts.com_futura-extrabold-oblique.ttf' not found
00:02.485  reports          | ERROR Unable to pack file, source path 'G:\Windows\Fonts\ufonts.com_futura-extrabold-oblique.ttf' not found
00:02.485  geom.vfont       | WARNING Font file doesn't exist: //..\..\..\Windows\Fonts\ufonts.com_futura-extrabold-oblique.ttf
00:02.485  reports          | ERROR Unable to pack file, source path 'G:\Windows\Fonts\ufonts.com_futura-extrabold-oblique.ttf' not found
00:02.485  reports          | ERROR Unable to pack file, source path 'G:\Windows\Fonts\ufonts.com_futura-extrabold-oblique.ttf' not found
00:02.485  geom.vfont       | WARNING Font file doesn't exist: //..\..\..\Windows\Fonts\ufonts.com_futura-extrabold-oblique.ttf
00:02.485  reports          | ERROR Unable to pack file, source path 'G:\Windows\Fonts\ufonts.com_futura-extrabold-oblique.ttf' not found
00:02.485  reports          | ERROR Unable to pack file, source path 'G:\Windows\Fonts\ufonts.com_futura-extrabold-oblique.ttf' not found
00:02.485  geom.vfont       | WARNING Font file doesn't exist: //..\..\..\Windows\Fonts\ufonts.com_futura-extrabold-oblique.ttf
00:02.485  reports          | ERROR Unable to pack file, source path 'G:\Windows\Fonts\ufonts.com_futura-extrabold-oblique.ttf' not found
00:02.485  reports          | ERROR Unable to pack file, source path 'G:\Windows\Fonts\ufonts.com_futura-extrabold-oblique.ttf' not found
00:02.485  geom.vfont       | WARNING Font file doesn't exist: //..\..\..\Windows\Fonts\ufonts.com_futura-extrabold-oblique.ttf
00:02.485  reports          | ERROR Unable to pack file, source path 'G:\Windows\Fonts\ufonts.com_futura-extrabold-oblique.ttf' not found
00:02.485  reports          | ERROR Unable to pack file, source path 'G:\Windows\Fonts\ufonts.com_futura-extrabold-oblique.ttf' not found
00:02.485  geom.vfont       | WARNING Font file doesn't exist: //..\..\..\Windows\Fonts\ufonts.com_futura-extrabold-oblique.ttf
00:02.485  reports          | ERROR Unable to pack file, source path 'G:\Windows\Fonts\ufonts.com_futura-extrabold-oblique.ttf' not found
00:02.485  reports          | ERROR Unable to pack file, source path 'G:\Windows\Fonts\ufonts.com_futura-extrabold-oblique.ttf' not found
00:02.485  geom.vfont       | WARNING Font file doesn't exist: //..\..\..\Windows\Fonts\ufonts.com_futura-extrabold-oblique.ttf
00:02.485  reports          | ERROR Unable to pack file, source path 'G:\Windows\Fonts\ufonts.com_futura-extrabold-oblique.ttf' not found
00:02.485  reports          | ERROR Unable to pack file, source path 'G:\Windows\Fonts\ufonts.com_futura-extrabold-oblique.ttf' not found
00:02.485  geom.vfont       | WARNING Font file doesn't exist: //..\..\..\Windows\Fonts\ufonts.com_futura-extrabold-oblique.ttf
00:02.485  reports          | ERROR Unable to pack file, source path 'G:\Windows\Fonts\ufonts.com_futura-extrabold-oblique.ttf' not found
00:02.485  reports          | ERROR Unable to pack file, source path 'G:\Windows\Fonts\ufonts.com_futura-extrabold-oblique.ttf' not found
00:02.485  geom.vfont       | WARNING Font file doesn't exist: //..\..\..\Windows\Fonts\ufonts.com_futura-extrabold-oblique.ttf
00:02.485  reports          | ERROR Unable to pack file, source path 'G:\Windows\Fonts\ufonts.com_futura-extrabold-oblique.ttf' not found
00:02.485  reports          | ERROR Unable to pack file, source path 'G:\Windows\Fonts\ufonts.com_futura-extrabold-oblique.ttf' not found
00:02.485  geom.vfont       | WARNING Font file doesn't exist: //..\..\..\Windows\Fonts\ufonts.com_futura-extrabold-oblique.ttf
00:02.485  reports          | ERROR Unable to pack file, source path 'G:\Windows\Fonts\ufonts.com_futura-extrabold-oblique.ttf' not found
00:02.485  reports          | ERROR Unable to pack file, source path 'G:\Windows\Fonts\ufonts.com_futura-extrabold-oblique.ttf' not found
00:02.485  geom.vfont       | WARNING Font file doesn't exist: //..\..\..\Windows\Fonts\ufonts.com_futura-extrabold-oblique.ttf
00:02.485  reports          | ERROR Unable to pack file, source path 'G:\Windows\Fonts\ufonts.com_futura-extrabold-oblique.ttf' not found
00:02.485  reports          | ERROR Unable to pack file, source path 'G:\Windows\Fonts\ufonts.com_futura-extrabold-oblique.ttf' not found
00:02.485  geom.vfont       | WARNING Font file doesn't exist: //..\..\..\Windows\Fonts\ufonts.com_futura-extrabold-oblique.ttf
00:02.485  reports          | ERROR Unable to pack file, source path 'G:\Windows\Fonts\ufonts.com_futura-extrabold-oblique.ttf' not found
00:02.485  reports          | ERROR Unable to pack file, source path 'G:\Windows\Fonts\ufonts.com_futura-extrabold-oblique.ttf' not found
00:02.485  geom.vfont       | WARNING Font file doesn't exist: //..\..\..\Windows\Fonts\ufonts.com_futura-extrabold-oblique.ttf
00:02.485  reports          | ERROR Unable to pack file, source path 'G:\Windows\Fonts\ufonts.com_futura-extrabold-oblique.ttf' not found
00:02.485  reports          | ERROR Unable to pack file, source path 'G:\Windows\Fonts\ufonts.com_futura-extrabold-oblique.ttf' not found
00:02.485  geom.vfont       | WARNING Font file doesn't exist: //..\..\..\Windows\Fonts\ufonts.com_futura-extrabold-oblique.ttf
00:02.485  reports          | ERROR Unable to pack file, source path 'G:\Windows\Fonts\ufonts.com_futura-extrabold-oblique.ttf' not found
00:02.485  reports          | ERROR Unable to pack file, source path 'G:\Windows\Fonts\ufonts.com_futura-extrabold-oblique.ttf' not found
00:02.485  geom.vfont       | WARNING Font file doesn't exist: //..\..\..\Windows\Fonts\ufonts.com_futura-extrabold-oblique.ttf
00:02.485  reports          | ERROR Unable to pack file, source path 'G:\Windows\Fonts\ufonts.com_futura-extrabold-oblique.ttf' not found
00:02.485  reports          | ERROR Unable to pack file, source path 'G:\Windows\Fonts\ufonts.com_futura-extrabold-oblique.ttf' not found
00:02.485  geom.vfont       | WARNING Font file doesn't exist: //..\..\..\Windows\Fonts\ufonts.com_futura-extrabold-oblique.ttf
00:02.485  reports          | ERROR Unable to pack file, source path 'G:\Windows\Fonts\ufonts.com_futura-extrabold-oblique.ttf' not found
00:02.485  reports          | ERROR Unable to pack file, source path 'G:\Windows\Fonts\ufonts.com_futura-extrabold-oblique.ttf' not found
00:02.485  geom.vfont       | WARNING Font file doesn't exist: //..\..\..\Windows\Fonts\ufonts.com_futura-extrabold-oblique.ttf
00:02.485  reports          | ERROR Unable to pack file, source path 'G:\Windows\Fonts\ufonts.com_futura-extrabold-oblique.ttf' not found
00:02.485  reports          | ERROR Unable to pack file, source path 'G:\Windows\Fonts\ufonts.com_futura-extrabold-oblique.ttf' not found
00:02.485  geom.vfont       | WARNING Font file doesn't exist: //..\..\..\Windows\Fonts\ufonts.com_futura-extrabold-oblique.ttf
00:02.485  reports          | ERROR Unable to pack file, source path 'G:\Windows\Fonts\ufonts.com_futura-extrabold-oblique.ttf' not found
00:02.485  reports          | ERROR Unable to pack file, source path 'G:\Windows\Fonts\ufonts.com_futura-extrabold-oblique.ttf' not found
00:02.485  geom.vfont       | WARNING Font file doesn't exist: //..\..\..\Windows\Fonts\ufonts.com_futura-extrabold-oblique.ttf
00:02.485  reports          | ERROR Unable to pack file, source path 'G:\Windows\Fonts\ufonts.com_futura-extrabold-oblique.ttf' not found
00:02.485  reports          | ERROR Unable to pack file, source path 'G:\Windows\Fonts\ufonts.com_futura-extrabold-oblique.ttf' not found
00:02.485  geom.vfont       | WARNING Font file doesn't exist: //..\..\..\Windows\Fonts\ufonts.com_futura-extrabold-oblique.ttf
00:02.485  reports          | ERROR Unable to pack file, source path 'G:\Windows\Fonts\ufonts.com_futura-extrabold-oblique.ttf' not found
00:02.485  reports          | ERROR Unable to pack file, source path 'G:\Windows\Fonts\ufonts.com_futura-extrabold-oblique.ttf' not found
00:02.485  geom.vfont       | WARNING Font file doesn't exist: //..\..\..\Windows\Fonts\ufonts.com_futura-extrabold-oblique.ttf
00:02.485  reports          | ERROR Unable to pack file, source path 'G:\Windows\Fonts\ufonts.com_futura-extrabold-oblique.ttf' not found
00:02.485  reports          | ERROR Unable to pack file, source path 'G:\Windows\Fonts\ufonts.com_futura-extrabold-oblique.ttf' not found
00:02.485  geom.vfont       | WARNING Font file doesn't exist: //..\..\..\Windows\Fonts\ufonts.com_futura-extrabold-oblique.ttf
00:02.485  reports          | ERROR Unable to pack file, source path 'G:\Windows\Fonts\ufonts.com_futura-extrabold-oblique.ttf' not found
00:02.485  reports          | ERROR Unable to pack file, source path 'G:\Windows\Fonts\ufonts.com_futura-extrabold-oblique.ttf' not found
00:02.485  geom.vfont       | WARNING Font file doesn't exist: //..\..\..\Windows\Fonts\ufonts.com_futura-extrabold-oblique.ttf
00:02.485  reports          | ERROR Unable to pack file, source path 'G:\Windows\Fonts\ufonts.com_futura-extrabold-oblique.ttf' not found
00:02.485  reports          | ERROR Unable to pack file, source path 'G:\Windows\Fonts\ufonts.com_futura-extrabold-oblique.ttf' not found
00:02.485  geom.vfont       | WARNING Font file doesn't exist: //..\..\..\Windows\Fonts\ufonts.com_futura-extrabold-oblique.ttf
00:02.485  reports          | ERROR Unable to pack file, source path 'G:\Windows\Fonts\ufonts.com_futura-extrabold-oblique.ttf' not found
00:02.485  reports          | ERROR Unable to pack file, source path 'G:\Windows\Fonts\ufonts.com_futura-extrabold-oblique.ttf' not found
00:02.485  geom.vfont       | WARNING Font file doesn't exist: //..\..\..\Windows\Fonts\ufonts.com_futura-extrabold-oblique.ttf
00:02.485  reports          | ERROR Unable to pack file, source path 'G:\Windows\Fonts\ufonts.com_futura-extrabold-oblique.ttf' not found
00:02.485  reports          | ERROR Unable to pack file, source path 'G:\Windows\Fonts\ufonts.com_futura-extrabold-oblique.ttf' not found
00:02.485  geom.vfont       | WARNING Font file doesn't exist: //..\..\..\Windows\Fonts\ufonts.com_futura-extrabold-oblique.ttf
00:02.485  reports          | ERROR Unable to pack file, source path 'G:\Windows\Fonts\ufonts.com_futura-extrabold-oblique.ttf' not found
00:02.485  reports          | ERROR Unable to pack file, source path 'G:\Windows\Fonts\ufonts.com_futura-extrabold-oblique.ttf' not found
00:02.485  geom.vfont       | WARNING Font file doesn't exist: //..\..\..\Windows\Fonts\ufonts.com_futura-extrabold-oblique.ttf
00:02.485  reports          | ERROR Unable to pack file, source path 'G:\Windows\Fonts\ufonts.com_futura-extrabold-oblique.ttf' not found
00:02.485  reports          | ERROR Unable to pack file, source path 'G:\Windows\Fonts\ufonts.com_futura-extrabold-oblique.ttf' not found
00:02.485  geom.vfont       | WARNING Font file doesn't exist: //..\..\..\Windows\Fonts\ufonts.com_futura-extrabold-oblique.ttf
00:02.485  reports          | ERROR Unable to pack file, source path 'G:\Windows\Fonts\ufonts.com_futura-extrabold-oblique.ttf' not found
00:02.485  reports          | ERROR Unable to pack file, source path 'G:\Windows\Fonts\ufonts.com_futura-extrabold-oblique.ttf' not found
00:02.485  geom.vfont       | WARNING Font file doesn't exist: //..\..\..\Windows\Fonts\ufonts.com_futura-extrabold-oblique.ttf
00:02.485  reports          | ERROR Unable to pack file, source path 'G:\Windows\Fonts\ufonts.com_futura-extrabold-oblique.ttf' not found
00:02.485  reports          | ERROR Unable to pack file, source path 'G:\Windows\Fonts\ufonts.com_futura-extrabold-oblique.ttf' not found
00:02.485  geom.vfont       | WARNING Font file doesn't exist: //..\..\..\Windows\Fonts\ufonts.com_futura-extrabold-oblique.ttf
00:02.485  reports          | ERROR Unable to pack file, source path 'G:\Windows\Fonts\ufonts.com_futura-extrabold-oblique.ttf' not found
00:02.485  reports          | ERROR Unable to pack file, source path 'G:\Windows\Fonts\ufonts.com_futura-extrabold-oblique.ttf' not found
00:02.485  geom.vfont       | WARNING Font file doesn't exist: //..\..\..\Windows\Fonts\ufonts.com_futura-extrabold-oblique.ttf
00:02.485  reports          | ERROR Unable to pack file, source path 'G:\Windows\Fonts\ufonts.com_futura-extrabold-oblique.ttf' not found
00:02.485  reports          | ERROR Unable to pack file, source path 'G:\Windows\Fonts\ufonts.com_futura-extrabold-oblique.ttf' not found
00:02.485  geom.vfont       | WARNING Font file doesn't exist: //..\..\..\Windows\Fonts\ufonts.com_futura-extrabold-oblique.ttf
00:02.485  reports          | ERROR Unable to pack file, source path 'G:\Windows\Fonts\ufonts.com_futura-extrabold-oblique.ttf' not found
00:02.485  reports          | ERROR Unable to pack file, source path 'G:\Windows\Fonts\ufonts.com_futura-extrabold-oblique.ttf' not found
00:02.485  geom.vfont       | WARNING Font file doesn't exist: //..\..\..\Windows\Fonts\ufonts.com_futura-extrabold-oblique.ttf
00:02.485  reports          | ERROR Unable to pack file, source path 'G:\Windows\Fonts\ufonts.com_futura-extrabold-oblique.ttf' not found
00:02.485  reports          | ERROR Unable to pack file, source path 'G:\Windows\Fonts\ufonts.com_futura-extrabold-oblique.ttf' not found
00:02.485  geom.vfont       | WARNING Font file doesn't exist: //..\..\..\Windows\Fonts\ufonts.com_futura-extrabold-oblique.ttf
00:02.485  reports          | ERROR Unable to pack file, source path 'G:\Windows\Fonts\ufonts.com_futura-extrabold-oblique.ttf' not found
00:02.485  reports          | ERROR Unable to pack file, source path 'G:\Windows\Fonts\ufonts.com_futura-extrabold-oblique.ttf' not found
00:02.485  geom.vfont       | WARNING Font file doesn't exist: //..\..\..\Windows\Fonts\ufonts.com_futura-extrabold-oblique.ttf
00:02.485  reports          | ERROR Unable to pack file, source path 'G:\Windows\Fonts\ufonts.com_futura-extrabold-oblique.ttf' not found
00:02.485  reports          | ERROR Unable to pack file, source path 'G:\Windows\Fonts\ufonts.com_futura-extrabold-oblique.ttf' not found
00:02.485  geom.vfont       | WARNING Font file doesn't exist: //..\..\..\Windows\Fonts\ufonts.com_futura-extrabold-oblique.ttf
00:02.485  reports          | ERROR Unable to pack file, source path 'G:\Windows\Fonts\ufonts.com_futura-extrabold-oblique.ttf' not found
00:02.485  reports          | ERROR Unable to pack file, source path 'G:\Windows\Fonts\ufonts.com_futura-extrabold-oblique.ttf' not found
00:02.485  geom.vfont       | WARNING Font file doesn't exist: //..\..\..\Windows\Fonts\ufonts.com_futura-extrabold-oblique.ttf
00:02.485  reports          | ERROR Unable to pack file, source path 'G:\Windows\Fonts\ufonts.com_futura-extrabold-oblique.ttf' not found
00:02.485  reports          | ERROR Unable to pack file, source path 'G:\Windows\Fonts\ufonts.com_futura-extrabold-oblique.ttf' not found
00:02.485  geom.vfont       | WARNING Font file doesn't exist: //..\..\..\Windows\Fonts\ufonts.com_futura-extrabold-oblique.ttf
00:02.485  reports          | ERROR Unable to pack file, source path 'G:\Windows\Fonts\ufonts.com_futura-extrabold-oblique.ttf' not found
00:02.485  reports          | ERROR Unable to pack file, source path 'G:\Windows\Fonts\ufonts.com_futura-extrabold-oblique.ttf' not found
00:02.485  geom.vfont       | WARNING Font file doesn't exist: //..\..\..\Windows\Fonts\ufonts.com_futura-extrabold-oblique.ttf
00:02.485  reports          | ERROR Unable to pack file, source path 'G:\Windows\Fonts\ufonts.com_futura-extrabold-oblique.ttf' not found
00:02.485  reports          | ERROR Unable to pack file, source path 'G:\Windows\Fonts\ufonts.com_futura-extrabold-oblique.ttf' not found
00:02.485  geom.vfont       | WARNING Font file doesn't exist: //..\..\..\Windows\Fonts\ufonts.com_futura-extrabold-oblique.ttf
00:02.485  reports          | ERROR Unable to pack file, source path 'G:\Windows\Fonts\ufonts.com_futura-extrabold-oblique.ttf' not found
00:02.485  reports          | ERROR Unable to pack file, source path 'G:\Windows\Fonts\ufonts.com_futura-extrabold-oblique.ttf' not found
00:02.485  geom.vfont       | WARNING Font file doesn't exist: //..\..\..\Windows\Fonts\ufonts.com_futura-extrabold-oblique.ttf
00:02.485  reports          | ERROR Unable to pack file, source path 'G:\Windows\Fonts\ufonts.com_futura-extrabold-oblique.ttf' not found
00:02.485  reports          | ERROR Unable to pack file, source path 'G:\Windows\Fonts\ufonts.com_futura-extrabold-oblique.ttf' not found
00:02.485  geom.vfont       | WARNING Font file doesn't exist: //..\..\..\Windows\Fonts\ufonts.com_futura-extrabold-oblique.ttf
00:02.485  reports          | ERROR Unable to pack file, source path 'G:\Windows\Fonts\ufonts.com_futura-extrabold-oblique.ttf' not found
00:02.485  reports          | ERROR Unable to pack file, source path 'G:\Windows\Fonts\ufonts.com_futura-extrabold-oblique.ttf' not found
00:02.485  geom.vfont       | WARNING Font file doesn't exist: //..\..\..\Windows\Fonts\ufonts.com_futura-extrabold-oblique.ttf
00:02.485  reports          | ERROR Unable to pack file, source path 'G:\Windows\Fonts\ufonts.com_futura-extrabold-oblique.ttf' not found
00:02.485  reports          | ERROR Unable to pack file, source path 'G:\Windows\Fonts\ufonts.com_futura-extrabold-oblique.ttf' not found
00:02.485  geom.vfont       | WARNING Font file doesn't exist: //..\..\..\Windows\Fonts\ufonts.com_futura-extrabold-oblique.ttf
00:02.485  reports          | ERROR Unable to pack file, source path 'G:\Windows\Fonts\ufonts.com_futura-extrabold-oblique.ttf' not found
00:02.485  reports          | ERROR Unable to pack file, source path 'G:\Windows\Fonts\ufonts.com_futura-extrabold-oblique.ttf' not found
00:02.485  geom.vfont       | WARNING Font file doesn't exist: //..\..\..\Windows\Fonts\ufonts.com_futura-extrabold-oblique.ttf
00:02.485  reports          | ERROR Unable to pack file, source path 'G:\Windows\Fonts\ufonts.com_futura-extrabold-oblique.ttf' not found
00:02.485  reports          | ERROR Unable to pack file, source path 'G:\Windows\Fonts\ufonts.com_futura-extrabold-oblique.ttf' not found
00:02.485  geom.vfont       | WARNING Font file doesn't exist: //..\..\..\Windows\Fonts\ufonts.com_futura-extrabold-oblique.ttf
00:02.485  reports          | ERROR Unable to pack file, source path 'G:\Windows\Fonts\ufonts.com_futura-extrabold-oblique.ttf' not found
00:02.485  reports          | ERROR Unable to pack file, source path 'G:\Windows\Fonts\ufonts.com_futura-extrabold-oblique.ttf' not found
00:02.485  geom.vfont       | WARNING Font file doesn't exist: //..\..\..\Windows\Fonts\ufonts.com_futura-extrabold-oblique.ttf
00:02.485  reports          | ERROR Unable to pack file, source path 'G:\Windows\Fonts\ufonts.com_futura-extrabold-oblique.ttf' not found
00:02.485  reports          | ERROR Unable to pack file, source path 'G:\Windows\Fonts\ufonts.com_futura-extrabold-oblique.ttf' not found
00:02.485  geom.vfont       | WARNING Font file doesn't exist: //..\..\..\Windows\Fonts\ufonts.com_futura-extrabold-oblique.ttf
00:02.485  reports          | ERROR Unable to pack file, source path 'G:\Windows\Fonts\ufonts.com_futura-extrabold-oblique.ttf' not found
00:02.485  reports          | ERROR Unable to pack file, source path 'G:\Windows\Fonts\ufonts.com_futura-extrabold-oblique.ttf' not found
00:02.485  geom.vfont       | WARNING Font file doesn't exist: //..\..\..\Windows\Fonts\ufonts.com_futura-extrabold-oblique.ttf
00:02.485  reports          | ERROR Unable to pack file, source path 'G:\Windows\Fonts\ufonts.com_futura-extrabold-oblique.ttf' not found
00:02.485  reports          | ERROR Unable to pack file, source path 'G:\Windows\Fonts\ufonts.com_futura-extrabold-oblique.ttf' not found
00:02.485  geom.vfont       | WARNING Font file doesn't exist: //..\..\..\Windows\Fonts\ufonts.com_futura-extrabold-oblique.ttf
00:02.485  reports          | ERROR Unable to pack file, source path 'G:\Windows\Fonts\ufonts.com_futura-extrabold-oblique.ttf' not found
00:02.485  reports          | ERROR Unable to pack file, source path 'G:\Windows\Fonts\ufonts.com_futura-extrabold-oblique.ttf' not found
00:02.485  geom.vfont       | WARNING Font file doesn't exist: //..\..\..\Windows\Fonts\ufonts.com_futura-extrabold-oblique.ttf
00:02.485  reports          | ERROR Unable to pack file, source path 'G:\Windows\Fonts\ufonts.com_futura-extrabold-oblique.ttf' not found
00:02.485  reports          | ERROR Unable to pack file, source path 'G:\Windows\Fonts\ufonts.com_futura-extrabold-oblique.ttf' not found
00:02.485  geom.vfont       | WARNING Font file doesn't exist: //..\..\..\Windows\Fonts\ufonts.com_futura-extrabold-oblique.ttf
00:02.485  reports          | ERROR Unable to pack file, source path 'G:\Windows\Fonts\ufonts.com_futura-extrabold-oblique.ttf' not found
00:02.485  reports          | ERROR Unable to pack file, source path 'G:\Windows\Fonts\ufonts.com_futura-extrabold-oblique.ttf' not found
00:02.485  geom.vfont       | WARNING Font file doesn't exist: //..\..\..\Windows\Fonts\ufonts.com_futura-extrabold-oblique.ttf
00:02.485  reports          | ERROR Unable to pack file, source path 'G:\Windows\Fonts\ufonts.com_futura-extrabold-oblique.ttf' not found
00:02.485  reports          | ERROR Unable to pack file, source path 'G:\Windows\Fonts\ufonts.com_futura-extrabold-oblique.ttf' not found
00:02.485  geom.vfont       | WARNING Font file doesn't exist: //..\..\..\Windows\Fonts\ufonts.com_futura-extrabold-oblique.ttf
00:02.485  reports          | ERROR Unable to pack file, source path 'G:\Windows\Fonts\ufonts.com_futura-extrabold-oblique.ttf' not found
00:02.485  reports          | ERROR Unable to pack file, source path 'G:\Windows\Fonts\ufonts.com_futura-extrabold-oblique.ttf' not found
00:02.485  geom.vfont       | WARNING Font file doesn't exist: //..\..\..\Windows\Fonts\ufonts.com_futura-extrabold-oblique.ttf
00:02.485  reports          | ERROR Unable to pack file, source path 'G:\Windows\Fonts\ufonts.com_futura-extrabold-oblique.ttf' not found
00:02.485  reports          | ERROR Unable to pack file, source path 'G:\Windows\Fonts\ufonts.com_futura-extrabold-oblique.ttf' not found
00:02.485  geom.vfont       | WARNING Font file doesn't exist: //..\..\..\Windows\Fonts\ufonts.com_futura-extrabold-oblique.ttf
00:02.485  reports          | ERROR Unable to pack file, source path 'G:\Windows\Fonts\ufonts.com_futura-extrabold-oblique.ttf' not found
00:02.485  reports          | ERROR Unable to pack file, source path 'G:\Windows\Fonts\ufonts.com_futura-extrabold-oblique.ttf' not found
00:02.485  geom.vfont       | WARNING Font file doesn't exist: //..\..\..\Windows\Fonts\ufonts.com_futura-extrabold-oblique.ttf
00:02.485  reports          | ERROR Unable to pack file, source path 'G:\Windows\Fonts\ufonts.com_futura-extrabold-oblique.ttf' not found
00:02.485  reports          | ERROR Unable to pack file, source path 'G:\Windows\Fonts\ufonts.com_futura-extrabold-oblique.ttf' not found
00:02.485  geom.vfont       | WARNING Font file doesn't exist: //..\..\..\Windows\Fonts\ufonts.com_futura-extrabold-oblique.ttf
00:02.485  reports          | ERROR Unable to pack file, source path 'G:\Windows\Fonts\ufonts.com_futura-extrabold-oblique.ttf' not found
00:02.485  reports          | ERROR Unable to pack file, source path 'G:\Windows\Fonts\ufonts.com_futura-extrabold-oblique.ttf' not found
00:02.485  geom.vfont       | WARNING Font file doesn't exist: //..\..\..\Windows\Fonts\ufonts.com_futura-extrabold-oblique.ttf
00:02.485  reports          | ERROR Unable to pack file, source path 'G:\Windows\Fonts\ufonts.com_futura-extrabold-oblique.ttf' not found
00:02.485  reports          | ERROR Unable to pack file, source path 'G:\Windows\Fonts\ufonts.com_futura-extrabold-oblique.ttf' not found
00:02.485  geom.vfont       | WARNING Font file doesn't exist: //..\..\..\Windows\Fonts\ufonts.com_futura-extrabold-oblique.ttf
00:02.485  reports          | ERROR Unable to pack file, source path 'G:\Windows\Fonts\ufonts.com_futura-extrabold-oblique.ttf' not found
00:02.485  reports          | ERROR Unable to pack file, source path 'G:\Windows\Fonts\ufonts.com_futura-extrabold-oblique.ttf' not found
00:02.485  geom.vfont       | WARNING Font file doesn't exist: //..\..\..\Windows\Fonts\ufonts.com_futura-extrabold-oblique.ttf
00:02.485  reports          | ERROR Unable to pack file, source path 'G:\Windows\Fonts\ufonts.com_futura-extrabold-oblique.ttf' not found
00:02.485  reports          | ERROR Unable to pack file, source path 'G:\Windows\Fonts\ufonts.com_futura-extrabold-oblique.ttf' not found
00:02.485  geom.vfont       | WARNING Font file doesn't exist: //..\..\..\Windows\Fonts\ufonts.com_futura-extrabold-oblique.ttf
00:02.485  reports          | ERROR Unable to pack file, source path 'G:\Windows\Fonts\ufonts.com_futura-extrabold-oblique.ttf' not found
00:02.485  reports          | ERROR Unable to pack file, source path 'G:\Windows\Fonts\ufonts.com_futura-extrabold-oblique.ttf' not found
00:02.485  geom.vfont       | WARNING Font file doesn't exist: //..\..\..\Windows\Fonts\ufonts.com_futura-extrabold-oblique.ttf
00:02.485  reports          | ERROR Unable to pack file, source path 'G:\Windows\Fonts\ufonts.com_futura-extrabold-oblique.ttf' not found
00:02.485  reports          | ERROR Unable to pack file, source path 'G:\Windows\Fonts\ufonts.com_futura-extrabold-oblique.ttf' not found
00:02.485  geom.vfont       | WARNING Font file doesn't exist: //..\..\..\Windows\Fonts\ufonts.com_futura-extrabold-oblique.ttf
00:02.485  reports          | ERROR Unable to pack file, source path 'G:\Windows\Fonts\ufonts.com_futura-extrabold-oblique.ttf' not found
00:02.485  reports          | ERROR Unable to pack file, source path 'G:\Windows\Fonts\ufonts.com_futura-extrabold-oblique.ttf' not found
00:02.485  geom.vfont       | WARNING Font file doesn't exist: //..\..\..\Windows\Fonts\ufonts.com_futura-extrabold-oblique.ttf
00:02.485  reports          | ERROR Unable to pack file, source path 'G:\Windows\Fonts\ufonts.com_futura-extrabold-oblique.ttf' not found
00:02.485  reports          | ERROR Unable to pack file, source path 'G:\Windows\Fonts\ufonts.com_futura-extrabold-oblique.ttf' not found
00:02.485  geom.vfont       | WARNING Font file doesn't exist: //..\..\..\Windows\Fonts\ufonts.com_futura-extrabold-oblique.ttf
00:02.485  reports          | ERROR Unable to pack file, source path 'G:\Windows\Fonts\ufonts.com_futura-extrabold-oblique.ttf' not found
00:02.485  reports          | ERROR Unable to pack file, source path 'G:\Windows\Fonts\ufonts.com_futura-extrabold-oblique.ttf' not found
00:02.485  geom.vfont       | WARNING Font file doesn't exist: //..\..\..\Windows\Fonts\ufonts.com_futura-extrabold-oblique.ttf
00:02.485  reports          | ERROR Unable to pack file, source path 'G:\Windows\Fonts\ufonts.com_futura-extrabold-oblique.ttf' not found
00:02.485  reports          | ERROR Unable to pack file, source path 'G:\Windows\Fonts\ufonts.com_futura-extrabold-oblique.ttf' not found
00:02.485  geom.vfont       | WARNING Font file doesn't exist: //..\..\..\Windows\Fonts\ufonts.com_futura-extrabold-oblique.ttf
00:02.485  reports          | ERROR Unable to pack file, source path 'G:\Windows\Fonts\ufonts.com_futura-extrabold-oblique.ttf' not found
00:02.485  reports          | ERROR Unable to pack file, source path 'G:\Windows\Fonts\ufonts.com_futura-extrabold-oblique.ttf' not found
00:02.485  geom.vfont       | WARNING Font file doesn't exist: //..\..\..\Windows\Fonts\ufonts.com_futura-extrabold-oblique.ttf
00:02.485  reports          | ERROR Unable to pack file, source path 'G:\Windows\Fonts\ufonts.com_futura-extrabold-oblique.ttf' not found
00:02.485  reports          | ERROR Unable to pack file, source path 'G:\Windows\Fonts\ufonts.com_futura-extrabold-oblique.ttf' not found
00:02.485  geom.vfont       | WARNING Font file doesn't exist: //..\..\..\Windows\Fonts\ufonts.com_futura-extrabold-oblique.ttf
00:02.485  reports          | ERROR Unable to pack file, source path 'G:\Windows\Fonts\ufonts.com_futura-extrabold-oblique.ttf' not found
00:02.485  reports          | ERROR Unable to pack file, source path 'G:\Windows\Fonts\ufonts.com_futura-extrabold-oblique.ttf' not found
00:02.485  geom.vfont       | WARNING Font file doesn't exist: //..\..\..\Windows\Fonts\ufonts.com_futura-extrabold-oblique.ttf
00:02.485  reports          | ERROR Unable to pack file, source path 'G:\Windows\Fonts\ufonts.com_futura-extrabold-oblique.ttf' not found
00:02.485  reports          | ERROR Unable to pack file, source path 'G:\Windows\Fonts\ufonts.com_futura-extrabold-oblique.ttf' not found
00:02.485  geom.vfont       | WARNING Font file doesn't exist: //..\..\..\Windows\Fonts\ufonts.com_futura-extrabold-oblique.ttf
00:02.485  reports          | ERROR Unable to pack file, source path 'G:\Windows\Fonts\ufonts.com_futura-extrabold-oblique.ttf' not found
00:02.485  reports          | ERROR Unable to pack file, source path 'G:\Windows\Fonts\ufonts.com_futura-extrabold-oblique.ttf' not found
00:02.485  geom.vfont       | WARNING Font file doesn't exist: //..\..\..\Windows\Fonts\ufonts.com_futura-extrabold-oblique.ttf
00:02.485  reports          | ERROR Unable to pack file, source path 'G:\Windows\Fonts\ufonts.com_futura-extrabold-oblique.ttf' not found
00:02.485  reports          | ERROR Unable to pack file, source path 'G:\Windows\Fonts\ufonts.com_futura-extrabold-oblique.ttf' not found
00:02.485  geom.vfont       | WARNING Font file doesn't exist: //..\..\..\Windows\Fonts\ufonts.com_futura-extrabold-oblique.ttf
00:02.485  reports          | ERROR Unable to pack file, source path 'G:\Windows\Fonts\ufonts.com_futura-extrabold-oblique.ttf' not found
00:02.485  reports          | ERROR Unable to pack file, source path 'G:\Windows\Fonts\ufonts.com_futura-extrabold-oblique.ttf' not found
00:02.485  geom.vfont       | WARNING Font file doesn't exist: //..\..\..\Windows\Fonts\ufonts.com_futura-extrabold-oblique.ttf
00:02.485  reports          | ERROR Unable to pack file, source path 'G:\Windows\Fonts\ufonts.com_futura-extrabold-oblique.ttf' not found
00:02.485  reports          | ERROR Unable to pack file, source path 'G:\Windows\Fonts\ufonts.com_futura-extrabold-oblique.ttf' not found
00:02.485  geom.vfont       | WARNING Font file doesn't exist: //..\..\..\Windows\Fonts\ufonts.com_futura-extrabold-oblique.ttf
00:02.485  reports          | ERROR Unable to pack file, source path 'G:\Windows\Fonts\ufonts.com_futura-extrabold-oblique.ttf' not found
00:02.485  reports          | ERROR Unable to pack file, source path 'G:\Windows\Fonts\ufonts.com_futura-extrabold-oblique.ttf' not found
00:02.485  geom.vfont       | WARNING Font file doesn't exist: //..\..\..\Windows\Fonts\ufonts.com_futura-extrabold-oblique.ttf
00:02.485  reports          | ERROR Unable to pack file, source path 'G:\Windows\Fonts\ufonts.com_futura-extrabold-oblique.ttf' not found
00:02.485  reports          | ERROR Unable to pack file, source path 'G:\Windows\Fonts\ufonts.com_futura-extrabold-oblique.ttf' not found
00:02.485  geom.vfont       | WARNING Font file doesn't exist: //..\..\..\Windows\Fonts\ufonts.com_futura-extrabold-oblique.ttf
00:02.485  reports          | ERROR Unable to pack file, source path 'G:\Windows\Fonts\ufonts.com_futura-extrabold-oblique.ttf' not found
00:02.485  reports          | ERROR Unable to pack file, source path 'G:\Windows\Fonts\ufonts.com_futura-extrabold-oblique.ttf' not found
00:02.485  geom.vfont       | WARNING Font file doesn't exist: //..\..\..\Windows\Fonts\ufonts.com_futura-extrabold-oblique.ttf
00:02.485  reports          | ERROR Unable to pack file, source path 'G:\Windows\Fonts\ufonts.com_futura-extrabold-oblique.ttf' not found
00:02.485  reports          | ERROR Unable to pack file, source path 'G:\Windows\Fonts\ufonts.com_futura-extrabold-oblique.ttf' not found
00:02.485  geom.vfont       | WARNING Font file doesn't exist: //..\..\..\Windows\Fonts\ufonts.com_futura-extrabold-oblique.ttf
00:02.485  reports          | ERROR Unable to pack file, source path 'G:\Windows\Fonts\ufonts.com_futura-extrabold-oblique.ttf' not found
00:02.485  reports          | ERROR Unable to pack file, source path 'G:\Windows\Fonts\ufonts.com_futura-extrabold-oblique.ttf' not found
00:02.485  geom.vfont       | WARNING Font file doesn't exist: //..\..\..\Windows\Fonts\ufonts.com_futura-extrabold-oblique.ttf
00:02.485  reports          | ERROR Unable to pack file, source path 'G:\Windows\Fonts\ufonts.com_futura-extrabold-oblique.ttf' not found
00:02.485  reports          | ERROR Unable to pack file, source path 'G:\Windows\Fonts\ufonts.com_futura-extrabold-oblique.ttf' not found
00:02.485  geom.vfont       | WARNING Font file doesn't exist: //..\..\..\Windows\Fonts\ufonts.com_futura-extrabold-oblique.ttf
00:02.485  reports          | ERROR Unable to pack file, source path 'G:\Windows\Fonts\ufonts.com_futura-extrabold-oblique.ttf' not found
00:02.485  reports          | ERROR Unable to pack file, source path 'G:\Windows\Fonts\ufonts.com_futura-extrabold-oblique.ttf' not found
00:02.485  geom.vfont       | WARNING Font file doesn't exist: //..\..\..\Windows\Fonts\ufonts.com_futura-extrabold-oblique.ttf
00:02.485  reports          | ERROR Unable to pack file, source path 'G:\Windows\Fonts\ufonts.com_futura-extrabold-oblique.ttf' not found
00:02.485  reports          | ERROR Unable to pack file, source path 'G:\Windows\Fonts\ufonts.com_futura-extrabold-oblique.ttf' not found
00:02.485  geom.vfont       | WARNING Font file doesn't exist: //..\..\..\Windows\Fonts\ufonts.com_futura-extrabold-oblique.ttf
00:02.485  reports          | ERROR Unable to pack file, source path 'G:\Windows\Fonts\ufonts.com_futura-extrabold-oblique.ttf' not found
00:02.485  reports          | ERROR Unable to pack file, source path 'G:\Windows\Fonts\ufonts.com_futura-extrabold-oblique.ttf' not found
00:02.485  geom.vfont       | WARNING Font file doesn't exist: //..\..\..\Windows\Fonts\ufonts.com_futura-extrabold-oblique.ttf
00:02.485  reports          | ERROR Unable to pack file, source path 'G:\Windows\Fonts\ufonts.com_futura-extrabold-oblique.ttf' not found
00:02.485  reports          | ERROR Unable to pack file, source path 'G:\Windows\Fonts\ufonts.com_futura-extrabold-oblique.ttf' not found
00:02.485  geom.vfont       | WARNING Font file doesn't exist: //..\..\..\Windows\Fonts\ufonts.com_futura-extrabold-oblique.ttf
00:02.485  reports          | ERROR Unable to pack file, source path 'G:\Windows\Fonts\ufonts.com_futura-extrabold-oblique.ttf' not found
00:02.485  reports          | ERROR Unable to pack file, source path 'G:\Windows\Fonts\ufonts.com_futura-extrabold-oblique.ttf' not found
00:02.485  geom.vfont       | WARNING Font file doesn't exist: //..\..\..\Windows\Fonts\ufonts.com_futura-extrabold-oblique.ttf
00:02.485  reports          | ERROR Unable to pack file, source path 'G:\Windows\Fonts\ufonts.com_futura-extrabold-oblique.ttf' not found
00:02.485  reports          | ERROR Unable to pack file, source path 'G:\Windows\Fonts\ufonts.com_futura-extrabold-oblique.ttf' not found
00:02.485  geom.vfont       | WARNING Font file doesn't exist: //..\..\..\Windows\Fonts\ufonts.com_futura-extrabold-oblique.ttf
00:02.485  reports          | ERROR Unable to pack file, source path 'G:\Windows\Fonts\ufonts.com_futura-extrabold-oblique.ttf' not found
00:02.485  reports          | ERROR Unable to pack file, source path 'G:\Windows\Fonts\ufonts.com_futura-extrabold-oblique.ttf' not found
00:02.485  geom.vfont       | WARNING Font file doesn't exist: //..\..\..\Windows\Fonts\ufonts.com_futura-extrabold-oblique.ttf
00:02.485  reports          | ERROR Unable to pack file, source path 'G:\Windows\Fonts\ufonts.com_futura-extrabold-oblique.ttf' not found
00:02.485  reports          | ERROR Unable to pack file, source path 'G:\Windows\Fonts\ufonts.com_futura-extrabold-oblique.ttf' not found
00:02.485  geom.vfont       | WARNING Font file doesn't exist: //..\..\..\Windows\Fonts\ufonts.com_futura-extrabold-oblique.ttf
00:02.485  reports          | ERROR Unable to pack file, source path 'G:\Windows\Fonts\ufonts.com_futura-extrabold-oblique.ttf' not found
00:02.485  reports          | ERROR Unable to pack file, source path 'G:\Windows\Fonts\ufonts.com_futura-extrabold-oblique.ttf' not found
00:02.485  geom.vfont       | WARNING Font file doesn't exist: //..\..\..\Windows\Fonts\ufonts.com_futura-extrabold-oblique.ttf
00:02.485  reports          | ERROR Unable to pack file, source path 'G:\Windows\Fonts\ufonts.com_futura-extrabold-oblique.ttf' not found
00:02.485  reports          | ERROR Unable to pack file, source path 'G:\Windows\Fonts\ufonts.com_futura-extrabold-oblique.ttf' not found
00:02.485  geom.vfont       | WARNING Font file doesn't exist: //..\..\..\Windows\Fonts\ufonts.com_futura-extrabold-oblique.ttf
00:02.485  reports          | ERROR Unable to pack file, source path 'G:\Windows\Fonts\ufonts.com_futura-extrabold-oblique.ttf' not found
00:02.485  reports          | ERROR Unable to pack file, source path 'G:\Windows\Fonts\ufonts.com_futura-extrabold-oblique.ttf' not found
00:02.485  geom.vfont       | WARNING Font file doesn't exist: //..\..\..\Windows\Fonts\ufonts.com_futura-extrabold-oblique.ttf
00:02.485  reports          | ERROR Unable to pack file, source path 'G:\Windows\Fonts\ufonts.com_futura-extrabold-oblique.ttf' not found
00:02.485  reports          | ERROR Unable to pack file, source path 'G:\Windows\Fonts\ufonts.com_futura-extrabold-oblique.ttf' not found
00:02.485  geom.vfont       | WARNING Font file doesn't exist: //..\..\..\Windows\Fonts\ufonts.com_futura-extrabold-oblique.ttf
00:02.485  reports          | ERROR Unable to pack file, source path 'G:\Windows\Fonts\ufonts.com_futura-extrabold-oblique.ttf' not found
00:02.485  reports          | ERROR Unable to pack file, source path 'G:\Windows\Fonts\ufonts.com_futura-extrabold-oblique.ttf' not found
00:02.485  geom.vfont       | WARNING Font file doesn't exist: //..\..\..\Windows\Fonts\ufonts.com_futura-extrabold-oblique.ttf
00:02.485  reports          | ERROR Unable to pack file, source path 'G:\Windows\Fonts\ufonts.com_futura-extrabold-oblique.ttf' not found
00:02.485  reports          | ERROR Unable to pack file, source path 'G:\Windows\Fonts\ufonts.com_futura-extrabold-oblique.ttf' not found
00:02.485  geom.vfont       | WARNING Font file doesn't exist: //..\..\..\Windows\Fonts\ufonts.com_futura-extrabold-oblique.ttf
00:02.485  reports          | ERROR Unable to pack file, source path 'G:\Windows\Fonts\ufonts.com_futura-extrabold-oblique.ttf' not found
00:02.485  reports          | ERROR Unable to pack file, source path 'G:\Windows\Fonts\ufonts.com_futura-extrabold-oblique.ttf' not found
00:02.485  geom.vfont       | WARNING Font file doesn't exist: //..\..\..\Windows\Fonts\ufonts.com_futura-extrabold-oblique.ttf
00:02.485  reports          | ERROR Unable to pack file, source path 'G:\Windows\Fonts\ufonts.com_futura-extrabold-oblique.ttf' not found
00:02.485  reports          | ERROR Unable to pack file, source path 'G:\Windows\Fonts\ufonts.com_futura-extrabold-oblique.ttf' not found
00:02.485  geom.vfont       | WARNING Font file doesn't exist: //..\..\..\Windows\Fonts\ufonts.com_futura-extrabold-oblique.ttf
00:02.485  reports          | ERROR Unable to pack file, source path 'G:\Windows\Fonts\ufonts.com_futura-extrabold-oblique.ttf' not found
00:02.485  reports          | ERROR Unable to pack file, source path 'G:\Windows\Fonts\ufonts.com_futura-extrabold-oblique.ttf' not found
00:02.485  geom.vfont       | WARNING Font file doesn't exist: //..\..\..\Windows\Fonts\ufonts.com_futura-extrabold-oblique.ttf
00:02.485  reports          | ERROR Unable to pack file, source path 'G:\Windows\Fonts\ufonts.com_futura-extrabold-oblique.ttf' not found
00:02.485  reports          | ERROR Unable to pack file, source path 'G:\Windows\Fonts\ufonts.com_futura-extrabold-oblique.ttf' not found
00:02.485  geom.vfont       | WARNING Font file doesn't exist: //..\..\..\Windows\Fonts\ufonts.com_futura-extrabold-oblique.ttf
00:02.485  reports          | ERROR Unable to pack file, source path 'G:\Windows\Fonts\ufonts.com_futura-extrabold-oblique.ttf' not found
00:02.485  reports          | ERROR Unable to pack file, source path 'G:\Windows\Fonts\ufonts.com_futura-extrabold-oblique.ttf' not found
00:02.485  geom.vfont       | WARNING Font file doesn't exist: //..\..\..\Windows\Fonts\ufonts.com_futura-extrabold-oblique.ttf
00:02.485  reports          | ERROR Unable to pack file, source path 'G:\Windows\Fonts\ufonts.com_futura-extrabold-oblique.ttf' not found
00:02.500  reports          | ERROR Unable to pack file, source path 'G:\Windows\Fonts\ufonts.com_futura-extrabold-oblique.ttf' not found
00:02.500  geom.vfont       | WARNING Font file doesn't exist: //..\..\..\Windows\Fonts\ufonts.com_futura-extrabold-oblique.ttf
00:02.500  reports          | ERROR Unable to pack file, source path 'G:\Windows\Fonts\ufonts.com_futura-extrabold-oblique.ttf' not found
00:02.500  reports          | ERROR Unable to pack file, source path 'G:\Windows\Fonts\ufonts.com_futura-extrabold-oblique.ttf' not found
00:02.500  geom.vfont       | WARNING Font file doesn't exist: //..\..\..\Windows\Fonts\ufonts.com_futura-extrabold-oblique.ttf
00:02.500  reports          | ERROR Unable to pack file, source path 'G:\Windows\Fonts\ufonts.com_futura-extrabold-oblique.ttf' not found
00:02.500  reports          | ERROR Unable to pack file, source path 'G:\Windows\Fonts\ufonts.com_futura-extrabold-oblique.ttf' not found
00:02.500  geom.vfont       | WARNING Font file doesn't exist: //..\..\..\Windows\Fonts\ufonts.com_futura-extrabold-oblique.ttf
00:02.500  reports          | ERROR Unable to pack file, source path 'G:\Windows\Fonts\ufonts.com_futura-extrabold-oblique.ttf' not found
00:02.500  reports          | ERROR Unable to pack file, source path 'G:\Windows\Fonts\ufonts.com_futura-extrabold-oblique.ttf' not found
00:02.500  geom.vfont       | WARNING Font file doesn't exist: //..\..\..\Windows\Fonts\ufonts.com_futura-extrabold-oblique.ttf
00:02.500  reports          | ERROR Unable to pack file, source path 'G:\Windows\Fonts\ufonts.com_futura-extrabold-oblique.ttf' not found
00:02.500  reports          | ERROR Unable to pack file, source path 'G:\Windows\Fonts\ufonts.com_futura-extrabold-oblique.ttf' not found
00:02.500  geom.vfont       | WARNING Font file doesn't exist: //..\..\..\Windows\Fonts\ufonts.com_futura-extrabold-oblique.ttf
G:\Github Repos\A3_DJ_Audio\tools\render_asset_promo.py:19: DeprecationWarning: 'Scene.use_nodes' is expected to be removed in Blender 6.0
  scene.use_nodes=False
G:\Github Repos\A3_DJ_Audio\tools\render_asset_promo.py:38: DeprecationWarning: 'Material.use_nodes' is expected to be removed in Blender 6.0
  if not mat.use_nodes:
G:\Github Repos\A3_DJ_Audio\tools\render_asset_promo.py:75: DeprecationWarning: 'World.use_nodes' is expected to be removed in Blender 6.0
  scene.world.use_nodes=True
00:12.750  render           | Saved: 'G:\Github Repos\A3_DJ_Audio\assets\promo\mixer.png'
RENDER_DONE mixer

Blender quit
