00:03.797  blend            | Read blend: "G:\1 ARMA3_DEVELOPMENT\Blinder Assets\Various projection sound and lighting devices\bar.lead+screen.blend1"
add_node_handle_relation(Armature Modifier) - Could not find op_from (ComponentKey(OBCube.031, EVAL_POSE))
add_node_handle_relation(Armature Modifier) - Could not find op_from (ComponentKey(OBCube.031, EVAL_POSE))
add_node_handle_relation(Armature Modifier) - Could not find op_from (ComponentKey(OBCube.031, EVAL_POSE))
add_node_handle_relation(Armature Modifier) - Could not find op_from (ComponentKey(OBCube.031, EVAL_POSE))
add_node_handle_relation(Armature Modifier) - Could not find op_from (ComponentKey(OBCube.031, EVAL_POSE))
add_node_handle_relation(Armature Modifier) - Could not find op_from (ComponentKey(OBCube.031, EVAL_POSE))
add_node_handle_relation(Armature Modifier) - Could not find op_from (ComponentKey(OBCube.034, EVAL_POSE))
add_node_handle_relation(Armature Modifier) - Could not find op_from (ComponentKey(OBCube.031, EVAL_POSE))
add_node_handle_relation(Armature Modifier) - Could not find op_from (ComponentKey(OBCube.031, EVAL_POSE))
add_node_handle_relation(Armature Modifier) - Could not find op_from (ComponentKey(OBCube.031, EVAL_POSE))
add_node_handle_relation(Armature Modifier) - Could not find op_from (ComponentKey(OBCube.031, EVAL_POSE))
add_node_handle_relation(Armature Modifier) - Could not find op_from (ComponentKey(OBCube.005, EVAL_POSE))
add_node_handle_relation(Armature Modifier) - Could not find op_from (ComponentKey(OBCube.005, EVAL_POSE))
add_node_handle_relation(Armature Modifier) - Could not find op_from (ComponentKey(OBCube.005, EVAL_POSE))
add_node_handle_relation(Armature Modifier) - Could not find op_from (ComponentKey(OBCube.005, EVAL_POSE))
add_node_handle_relation(Armature Modifier) - Could not find op_from (ComponentKey(OBCube.005, EVAL_POSE))
add_node_handle_relation(Armature Modifier) - Could not find op_from (ComponentKey(OBCube.005, EVAL_POSE))
add_node_handle_relation(Armature Modifier) - Could not find op_from (ComponentKey(OBCube.030, EVAL_POSE))
add_node_handle_relation(Armature Modifier) - Could not find op_from (ComponentKey(OBCube.005, EVAL_POSE))
add_node_handle_relation(Armature Modifier) - Could not find op_from (ComponentKey(OBCube.232, EVAL_POSE))
add_node_handle_relation(Armature Modifier) - Could not find op_from (ComponentKey(OBCube.232, EVAL_POSE))
add_node_handle_relation(Armature Modifier) - Could not find op_from (ComponentKey(OBCube.005, EVAL_POSE))
add_node_handle_relation(Armature Modifier) - Could not find op_from (ComponentKey(OBCube.031, EVAL_POSE))
add_node_handle_relation(Armature Modifier) - Could not find op_from (ComponentKey(OBCube.031, EVAL_POSE))
add_node_handle_relation(Armature Modifier) - Could not find op_from (ComponentKey(OBCube.005, EVAL_POSE))
add_node_handle_relation(Armature Modifier) - Could not find op_from (ComponentKey(OBCube.005, EVAL_POSE))
add_node_handle_relation(Armature Modifier) - Could not find op_from (ComponentKey(OBCube.231, EVAL_POSE))
add_node_handle_relation(Armature Modifier) - Could not find op_from (ComponentKey(OBCube.231, EVAL_POSE))
add_node_handle_relation(Armature Modifier) - Could not find op_from (ComponentKey(OBCube.031, EVAL_POSE))
add_node_handle_relation(Armature Modifier) - Could not find op_from (ComponentKey(OBCube.031, EVAL_POSE))
add_node_handle_relation(Armature Modifier) - Could not find op_from (ComponentKey(OBCube.231, EVAL_POSE))
add_node_handle_relation(Armature Modifier) - Could not find op_from (ComponentKey(OBCube.005, EVAL_POSE))
add_node_handle_relation(Armature Modifier) - Could not find op_from (ComponentKey(OBCylinder.012, EVAL_POSE))
add_node_handle_relation(Armature Modifier) - Could not find op_from (ComponentKey(OBCylinder.012, EVAL_POSE))
add_node_handle_relation(Armature Modifier) - Could not find op_from (ComponentKey(OBCylinder.012, EVAL_POSE))
add_node_handle_relation(Armature Modifier) - Could not find op_from (ComponentKey(OBCylinder.012, EVAL_POSE))
add_node_handle_relation(Armature Modifier) - Could not find op_from (ComponentKey(OBCylinder.012, EVAL_POSE))
add_node_handle_relation(Armature Modifier) - Could not find op_from (ComponentKey(OBCylinder.012, EVAL_POSE))
add_node_handle_relation(Armature Modifier) - Could not find op_from (ComponentKey(OBCylinder.012, EVAL_POSE))
add_node_handle_relation(Armature Modifier) - Could not find op_from (ComponentKey(OBCylinder.012, EVAL_POSE))
G:\Github Repos\A3_DJ_Audio\tools\render_asset_promo.py:18: DeprecationWarning: 'Scene.use_nodes' is expected to be removed in Blender 6.0
  scene.use_nodes=False
G:\Github Repos\A3_DJ_Audio\tools\render_asset_promo.py:36: DeprecationWarning: 'Material.use_nodes' is expected to be removed in Blender 6.0
  if not mat.use_nodes:
add_node_handle_relation(Armature Modifier) - Could not find op_from (ComponentKey(OBCube.031, EVAL_POSE))
add_node_handle_relation(Armature Modifier) - Could not find op_from (ComponentKey(OBCube.031, EVAL_POSE))
add_node_handle_relation(Armature Modifier) - Could not find op_from (ComponentKey(OBCube.031, EVAL_POSE))
add_node_handle_relation(Armature Modifier) - Could not find op_from (ComponentKey(OBCube.031, EVAL_POSE))
add_node_handle_relation(Armature Modifier) - Could not find op_from (ComponentKey(OBCube.031, EVAL_POSE))
add_node_handle_relation(Armature Modifier) - Could not find op_from (ComponentKey(OBCube.031, EVAL_POSE))
add_node_handle_relation(Armature Modifier) - Could not find op_from (ComponentKey(OBCube.034, EVAL_POSE))
add_node_handle_relation(Armature Modifier) - Could not find op_from (ComponentKey(OBCube.031, EVAL_POSE))
add_node_handle_relation(Armature Modifier) - Could not find op_from (ComponentKey(OBCube.031, EVAL_POSE))
add_node_handle_relation(Armature Modifier) - Could not find op_from (ComponentKey(OBCube.031, EVAL_POSE))
add_node_handle_relation(Armature Modifier) - Could not find op_from (ComponentKey(OBCube.031, EVAL_POSE))
add_node_handle_relation(Armature Modifier) - Could not find op_from (ComponentKey(OBCube.005, EVAL_POSE))
add_node_handle_relation(Armature Modifier) - Could not find op_from (ComponentKey(OBCube.005, EVAL_POSE))
add_node_handle_relation(Armature Modifier) - Could not find op_from (ComponentKey(OBCube.005, EVAL_POSE))
add_node_handle_relation(Armature Modifier) - Could not find op_from (ComponentKey(OBCube.005, EVAL_POSE))
add_node_handle_relation(Armature Modifier) - Could not find op_from (ComponentKey(OBCube.005, EVAL_POSE))
add_node_handle_relation(Armature Modifier) - Could not find op_from (ComponentKey(OBCube.005, EVAL_POSE))
add_node_handle_relation(Armature Modifier) - Could not find op_from (ComponentKey(OBCube.030, EVAL_POSE))
add_node_handle_relation(Armature Modifier) - Could not find op_from (ComponentKey(OBCube.005, EVAL_POSE))
add_node_handle_relation(Armature Modifier) - Could not find op_from (ComponentKey(OBCube.232, EVAL_POSE))
add_node_handle_relation(Armature Modifier) - Could not find op_from (ComponentKey(OBCube.232, EVAL_POSE))
add_node_handle_relation(Armature Modifier) - Could not find op_from (ComponentKey(OBCube.005, EVAL_POSE))
add_node_handle_relation(Armature Modifier) - Could not find op_from (ComponentKey(OBCube.031, EVAL_POSE))
add_node_handle_relation(Armature Modifier) - Could not find op_from (ComponentKey(OBCube.031, EVAL_POSE))
add_node_handle_relation(Armature Modifier) - Could not find op_from (ComponentKey(OBCube.005, EVAL_POSE))
add_node_handle_relation(Armature Modifier) - Could not find op_from (ComponentKey(OBCube.005, EVAL_POSE))
add_node_handle_relation(Armature Modifier) - Could not find op_from (ComponentKey(OBCube.231, EVAL_POSE))
add_node_handle_relation(Armature Modifier) - Could not find op_from (ComponentKey(OBCube.231, EVAL_POSE))
add_node_handle_relation(Armature Modifier) - Could not find op_from (ComponentKey(OBCube.031, EVAL_POSE))
add_node_handle_relation(Armature Modifier) - Could not find op_from (ComponentKey(OBCube.031, EVAL_POSE))
add_node_handle_relation(Armature Modifier) - Could not find op_from (ComponentKey(OBCube.231, EVAL_POSE))
add_node_handle_relation(Armature Modifier) - Could not find op_from (ComponentKey(OBCube.005, EVAL_POSE))
add_node_handle_relation(Armature Modifier) - Could not find op_from (ComponentKey(OBCylinder.012, EVAL_POSE))
add_node_handle_relation(Armature Modifier) - Could not find op_from (ComponentKey(OBCylinder.012, EVAL_POSE))
add_node_handle_relation(Armature Modifier) - Could not find op_from (ComponentKey(OBCylinder.012, EVAL_POSE))
add_node_handle_relation(Armature Modifier) - Could not find op_from (ComponentKey(OBCylinder.012, EVAL_POSE))
add_node_handle_relation(Armature Modifier) - Could not find op_from (ComponentKey(OBCylinder.012, EVAL_POSE))
add_node_handle_relation(Armature Modifier) - Could not find op_from (ComponentKey(OBCylinder.012, EVAL_POSE))
add_node_handle_relation(Armature Modifier) - Could not find op_from (ComponentKey(OBCylinder.012, EVAL_POSE))
add_node_handle_relation(Armature Modifier) - Could not find op_from (ComponentKey(OBCylinder.012, EVAL_POSE))
add_node_handle_relation(Armature Modifier) - Could not find op_from (ComponentKey(OBCube.031, EVAL_POSE))
add_node_handle_relation(Armature Modifier) - Could not find op_from (ComponentKey(OBCube.031, EVAL_POSE))
add_node_handle_relation(Armature Modifier) - Could not find op_from (ComponentKey(OBCube.031, EVAL_POSE))
add_node_handle_relation(Armature Modifier) - Could not find op_from (ComponentKey(OBCube.031, EVAL_POSE))
add_node_handle_relation(Armature Modifier) - Could not find op_from (ComponentKey(OBCube.031, EVAL_POSE))
add_node_handle_relation(Armature Modifier) - Could not find op_from (ComponentKey(OBCube.031, EVAL_POSE))
add_node_handle_relation(Armature Modifier) - Could not find op_from (ComponentKey(OBCube.034, EVAL_POSE))
add_node_handle_relation(Armature Modifier) - Could not find op_from (ComponentKey(OBCube.031, EVAL_POSE))
add_node_handle_relation(Armature Modifier) - Could not find op_from (ComponentKey(OBCube.031, EVAL_POSE))
add_node_handle_relation(Armature Modifier) - Could not find op_from (ComponentKey(OBCube.031, EVAL_POSE))
add_node_handle_relation(Armature Modifier) - Could not find op_from (ComponentKey(OBCube.031, EVAL_POSE))
add_node_handle_relation(Armature Modifier) - Could not find op_from (ComponentKey(OBCube.005, EVAL_POSE))
add_node_handle_relation(Armature Modifier) - Could not find op_from (ComponentKey(OBCube.005, EVAL_POSE))
add_node_handle_relation(Armature Modifier) - Could not find op_from (ComponentKey(OBCube.005, EVAL_POSE))
add_node_handle_relation(Armature Modifier) - Could not find op_from (ComponentKey(OBCube.005, EVAL_POSE))
add_node_handle_relation(Armature Modifier) - Could not find op_from (ComponentKey(OBCube.005, EVAL_POSE))
add_node_handle_relation(Armature Modifier) - Could not find op_from (ComponentKey(OBCube.005, EVAL_POSE))
add_node_handle_relation(Armature Modifier) - Could not find op_from (ComponentKey(OBCube.030, EVAL_POSE))
add_node_handle_relation(Armature Modifier) - Could not find op_from (ComponentKey(OBCube.005, EVAL_POSE))
add_node_handle_relation(Armature Modifier) - Could not find op_from (ComponentKey(OBCube.232, EVAL_POSE))
add_node_handle_relation(Armature Modifier) - Could not find op_from (ComponentKey(OBCube.232, EVAL_POSE))
add_node_handle_relation(Armature Modifier) - Could not find op_from (ComponentKey(OBCube.005, EVAL_POSE))
add_node_handle_relation(Armature Modifier) - Could not find op_from (ComponentKey(OBCube.031, EVAL_POSE))
add_node_handle_relation(Armature Modifier) - Could not find op_from (ComponentKey(OBCube.031, EVAL_POSE))
add_node_handle_relation(Armature Modifier) - Could not find op_from (ComponentKey(OBCube.005, EVAL_POSE))
add_node_handle_relation(Armature Modifier) - Could not find op_from (ComponentKey(OBCube.005, EVAL_POSE))
add_node_handle_relation(Armature Modifier) - Could not find op_from (ComponentKey(OBCube.231, EVAL_POSE))
add_node_handle_relation(Armature Modifier) - Could not find op_from (ComponentKey(OBCube.231, EVAL_POSE))
add_node_handle_relation(Armature Modifier) - Could not find op_from (ComponentKey(OBCube.031, EVAL_POSE))
add_node_handle_relation(Armature Modifier) - Could not find op_from (ComponentKey(OBCube.031, EVAL_POSE))
add_node_handle_relation(Armature Modifier) - Could not find op_from (ComponentKey(OBCube.231, EVAL_POSE))
add_node_handle_relation(Armature Modifier) - Could not find op_from (ComponentKey(OBCube.005, EVAL_POSE))
add_node_handle_relation(Armature Modifier) - Could not find op_from (ComponentKey(OBCylinder.012, EVAL_POSE))
add_node_handle_relation(Armature Modifier) - Could not find op_from (ComponentKey(OBCylinder.012, EVAL_POSE))
add_node_handle_relation(Armature Modifier) - Could not find op_from (ComponentKey(OBCylinder.012, EVAL_POSE))
add_node_handle_relation(Armature Modifier) - Could not find op_from (ComponentKey(OBCylinder.012, EVAL_POSE))
add_node_handle_relation(Armature Modifier) - Could not find op_from (ComponentKey(OBCylinder.012, EVAL_POSE))
add_node_handle_relation(Armature Modifier) - Could not find op_from (ComponentKey(OBCylinder.012, EVAL_POSE))
add_node_handle_relation(Armature Modifier) - Could not find op_from (ComponentKey(OBCylinder.012, EVAL_POSE))
add_node_handle_relation(Armature Modifier) - Could not find op_from (ComponentKey(OBCylinder.012, EVAL_POSE))
add_node_handle_relation(Armature Modifier) - Could not find op_from (ComponentKey(OBCube.031, EVAL_POSE))
add_node_handle_relation(Armature Modifier) - Could not find op_from (ComponentKey(OBCube.031, EVAL_POSE))
add_node_handle_relation(Armature Modifier) - Could not find op_from (ComponentKey(OBCube.031, EVAL_POSE))
add_node_handle_relation(Armature Modifier) - Could not find op_from (ComponentKey(OBCube.031, EVAL_POSE))
add_node_handle_relation(Armature Modifier) - Could not find op_from (ComponentKey(OBCube.031, EVAL_POSE))
add_node_handle_relation(Armature Modifier) - Could not find op_from (ComponentKey(OBCube.031, EVAL_POSE))
add_node_handle_relation(Armature Modifier) - Could not find op_from (ComponentKey(OBCube.034, EVAL_POSE))
add_node_handle_relation(Armature Modifier) - Could not find op_from (ComponentKey(OBCube.031, EVAL_POSE))
add_node_handle_relation(Armature Modifier) - Could not find op_from (ComponentKey(OBCube.031, EVAL_POSE))
add_node_handle_relation(Armature Modifier) - Could not find op_from (ComponentKey(OBCube.031, EVAL_POSE))
add_node_handle_relation(Armature Modifier) - Could not find op_from (ComponentKey(OBCube.031, EVAL_POSE))
add_node_handle_relation(Armature Modifier) - Could not find op_from (ComponentKey(OBCube.005, EVAL_POSE))
add_node_handle_relation(Armature Modifier) - Could not find op_from (ComponentKey(OBCube.005, EVAL_POSE))
add_node_handle_relation(Armature Modifier) - Could not find op_from (ComponentKey(OBCube.005, EVAL_POSE))
add_node_handle_relation(Armature Modifier) - Could not find op_from (ComponentKey(OBCube.005, EVAL_POSE))
add_node_handle_relation(Armature Modifier) - Could not find op_from (ComponentKey(OBCube.005, EVAL_POSE))
add_node_handle_relation(Armature Modifier) - Could not find op_from (ComponentKey(OBCube.005, EVAL_POSE))
add_node_handle_relation(Armature Modifier) - Could not find op_from (ComponentKey(OBCube.030, EVAL_POSE))
add_node_handle_relation(Armature Modifier) - Could not find op_from (ComponentKey(OBCube.005, EVAL_POSE))
add_node_handle_relation(Armature Modifier) - Could not find op_from (ComponentKey(OBCube.232, EVAL_POSE))
add_node_handle_relation(Armature Modifier) - Could not find op_from (ComponentKey(OBCube.232, EVAL_POSE))
add_node_handle_relation(Armature Modifier) - Could not find op_from (ComponentKey(OBCube.005, EVAL_POSE))
add_node_handle_relation(Armature Modifier) - Could not find op_from (ComponentKey(OBCube.031, EVAL_POSE))
add_node_handle_relation(Armature Modifier) - Could not find op_from (ComponentKey(OBCube.031, EVAL_POSE))
add_node_handle_relation(Armature Modifier) - Could not find op_from (ComponentKey(OBCube.005, EVAL_POSE))
add_node_handle_relation(Armature Modifier) - Could not find op_from (ComponentKey(OBCube.005, EVAL_POSE))
add_node_handle_relation(Armature Modifier) - Could not find op_from (ComponentKey(OBCube.231, EVAL_POSE))
add_node_handle_relation(Armature Modifier) - Could not find op_from (ComponentKey(OBCube.231, EVAL_POSE))
add_node_handle_relation(Armature Modifier) - Could not find op_from (ComponentKey(OBCube.031, EVAL_POSE))
add_node_handle_relation(Armature Modifier) - Could not find op_from (ComponentKey(OBCube.031, EVAL_POSE))
add_node_handle_relation(Armature Modifier) - Could not find op_from (ComponentKey(OBCube.231, EVAL_POSE))
add_node_handle_relation(Armature Modifier) - Could not find op_from (ComponentKey(OBCube.005, EVAL_POSE))
add_node_handle_relation(Armature Modifier) - Could not find op_from (ComponentKey(OBCylinder.012, EVAL_POSE))
add_node_handle_relation(Armature Modifier) - Could not find op_from (ComponentKey(OBCylinder.012, EVAL_POSE))
add_node_handle_relation(Armature Modifier) - Could not find op_from (ComponentKey(OBCylinder.012, EVAL_POSE))
add_node_handle_relation(Armature Modifier) - Could not find op_from (ComponentKey(OBCylinder.012, EVAL_POSE))
add_node_handle_relation(Armature Modifier) - Could not find op_from (ComponentKey(OBCylinder.012, EVAL_POSE))
add_node_handle_relation(Armature Modifier) - Could not find op_from (ComponentKey(OBCylinder.012, EVAL_POSE))
add_node_handle_relation(Armature Modifier) - Could not find op_from (ComponentKey(OBCylinder.012, EVAL_POSE))
add_node_handle_relation(Armature Modifier) - Could not find op_from (ComponentKey(OBCylinder.012, EVAL_POSE))
add_node_handle_relation(Armature Modifier) - Could not find op_from (ComponentKey(OBCube.031, EVAL_POSE))
add_node_handle_relation(Armature Modifier) - Could not find op_from (ComponentKey(OBCube.031, EVAL_POSE))
add_node_handle_relation(Armature Modifier) - Could not find op_from (ComponentKey(OBCube.031, EVAL_POSE))
add_node_handle_relation(Armature Modifier) - Could not find op_from (ComponentKey(OBCube.031, EVAL_POSE))
add_node_handle_relation(Armature Modifier) - Could not find op_from (ComponentKey(OBCube.031, EVAL_POSE))
add_node_handle_relation(Armature Modifier) - Could not find op_from (ComponentKey(OBCube.031, EVAL_POSE))
add_node_handle_relation(Armature Modifier) - Could not find op_from (ComponentKey(OBCube.034, EVAL_POSE))
add_node_handle_relation(Armature Modifier) - Could not find op_from (ComponentKey(OBCube.031, EVAL_POSE))
add_node_handle_relation(Armature Modifier) - Could not find op_from (ComponentKey(OBCube.031, EVAL_POSE))
add_node_handle_relation(Armature Modifier) - Could not find op_from (ComponentKey(OBCube.031, EVAL_POSE))
add_node_handle_relation(Armature Modifier) - Could not find op_from (ComponentKey(OBCube.031, EVAL_POSE))
add_node_handle_relation(Armature Modifier) - Could not find op_from (ComponentKey(OBCube.005, EVAL_POSE))
add_node_handle_relation(Armature Modifier) - Could not find op_from (ComponentKey(OBCube.005, EVAL_POSE))
add_node_handle_relation(Armature Modifier) - Could not find op_from (ComponentKey(OBCube.005, EVAL_POSE))
add_node_handle_relation(Armature Modifier) - Could not find op_from (ComponentKey(OBCube.005, EVAL_POSE))
add_node_handle_relation(Armature Modifier) - Could not find op_from (ComponentKey(OBCube.005, EVAL_POSE))
add_node_handle_relation(Armature Modifier) - Could not find op_from (ComponentKey(OBCube.005, EVAL_POSE))
add_node_handle_relation(Armature Modifier) - Could not find op_from (ComponentKey(OBCube.030, EVAL_POSE))
add_node_handle_relation(Armature Modifier) - Could not find op_from (ComponentKey(OBCube.005, EVAL_POSE))
add_node_handle_relation(Armature Modifier) - Could not find op_from (ComponentKey(OBCube.232, EVAL_POSE))
add_node_handle_relation(Armature Modifier) - Could not find op_from (ComponentKey(OBCube.232, EVAL_POSE))
add_node_handle_relation(Armature Modifier) - Could not find op_from (ComponentKey(OBCube.005, EVAL_POSE))
add_node_handle_relation(Armature Modifier) - Could not find op_from (ComponentKey(OBCube.031, EVAL_POSE))
add_node_handle_relation(Armature Modifier) - Could not find op_from (ComponentKey(OBCube.031, EVAL_POSE))
add_node_handle_relation(Armature Modifier) - Could not find op_from (ComponentKey(OBCube.005, EVAL_POSE))
add_node_handle_relation(Armature Modifier) - Could not find op_from (ComponentKey(OBCube.005, EVAL_POSE))
add_node_handle_relation(Armature Modifier) - Could not find op_from (ComponentKey(OBCube.231, EVAL_POSE))
add_node_handle_relation(Armature Modifier) - Could not find op_from (ComponentKey(OBCube.231, EVAL_POSE))
add_node_handle_relation(Armature Modifier) - Could not find op_from (ComponentKey(OBCube.031, EVAL_POSE))
add_node_handle_relation(Armature Modifier) - Could not find op_from (ComponentKey(OBCube.031, EVAL_POSE))
add_node_handle_relation(Armature Modifier) - Could not find op_from (ComponentKey(OBCube.231, EVAL_POSE))
add_node_handle_relation(Armature Modifier) - Could not find op_from (ComponentKey(OBCube.005, EVAL_POSE))
add_node_handle_relation(Armature Modifier) - Could not find op_from (ComponentKey(OBCylinder.012, EVAL_POSE))
add_node_handle_relation(Armature Modifier) - Could not find op_from (ComponentKey(OBCylinder.012, EVAL_POSE))
add_node_handle_relation(Armature Modifier) - Could not find op_from (ComponentKey(OBCylinder.012, EVAL_POSE))
add_node_handle_relation(Armature Modifier) - Could not find op_from (ComponentKey(OBCylinder.012, EVAL_POSE))
add_node_handle_relation(Armature Modifier) - Could not find op_from (ComponentKey(OBCylinder.012, EVAL_POSE))
add_node_handle_relation(Armature Modifier) - Could not find op_from (ComponentKey(OBCylinder.012, EVAL_POSE))
add_node_handle_relation(Armature Modifier) - Could not find op_from (ComponentKey(OBCylinder.012, EVAL_POSE))
add_node_handle_relation(Armature Modifier) - Could not find op_from (ComponentKey(OBCylinder.012, EVAL_POSE))
add_node_handle_relation(Armature Modifier) - Could not find op_from (ComponentKey(OBCube.031, EVAL_POSE))
add_node_handle_relation(Armature Modifier) - Could not find op_from (ComponentKey(OBCube.031, EVAL_POSE))
add_node_handle_relation(Armature Modifier) - Could not find op_from (ComponentKey(OBCube.031, EVAL_POSE))
add_node_handle_relation(Armature Modifier) - Could not find op_from (ComponentKey(OBCube.031, EVAL_POSE))
add_node_handle_relation(Armature Modifier) - Could not find op_from (ComponentKey(OBCube.031, EVAL_POSE))
add_node_handle_relation(Armature Modifier) - Could not find op_from (ComponentKey(OBCube.031, EVAL_POSE))
add_node_handle_relation(Armature Modifier) - Could not find op_from (ComponentKey(OBCube.034, EVAL_POSE))
add_node_handle_relation(Armature Modifier) - Could not find op_from (ComponentKey(OBCube.031, EVAL_POSE))
add_node_handle_relation(Armature Modifier) - Could not find op_from (ComponentKey(OBCube.031, EVAL_POSE))
add_node_handle_relation(Armature Modifier) - Could not find op_from (ComponentKey(OBCube.031, EVAL_POSE))
add_node_handle_relation(Armature Modifier) - Could not find op_from (ComponentKey(OBCube.031, EVAL_POSE))
add_node_handle_relation(Armature Modifier) - Could not find op_from (ComponentKey(OBCube.005, EVAL_POSE))
add_node_handle_relation(Armature Modifier) - Could not find op_from (ComponentKey(OBCube.005, EVAL_POSE))
add_node_handle_relation(Armature Modifier) - Could not find op_from (ComponentKey(OBCube.005, EVAL_POSE))
add_node_handle_relation(Armature Modifier) - Could not find op_from (ComponentKey(OBCube.005, EVAL_POSE))
add_node_handle_relation(Armature Modifier) - Could not find op_from (ComponentKey(OBCube.005, EVAL_POSE))
add_node_handle_relation(Armature Modifier) - Could not find op_from (ComponentKey(OBCube.005, EVAL_POSE))
add_node_handle_relation(Armature Modifier) - Could not find op_from (ComponentKey(OBCube.030, EVAL_POSE))
add_node_handle_relation(Armature Modifier) - Could not find op_from (ComponentKey(OBCube.005, EVAL_POSE))
add_node_handle_relation(Armature Modifier) - Could not find op_from (ComponentKey(OBCube.232, EVAL_POSE))
add_node_handle_relation(Armature Modifier) - Could not find op_from (ComponentKey(OBCube.232, EVAL_POSE))
add_node_handle_relation(Armature Modifier) - Could not find op_from (ComponentKey(OBCube.005, EVAL_POSE))
add_node_handle_relation(Armature Modifier) - Could not find op_from (ComponentKey(OBCube.031, EVAL_POSE))
add_node_handle_relation(Armature Modifier) - Could not find op_from (ComponentKey(OBCube.031, EVAL_POSE))
add_node_handle_relation(Armature Modifier) - Could not find op_from (ComponentKey(OBCube.005, EVAL_POSE))
add_node_handle_relation(Armature Modifier) - Could not find op_from (ComponentKey(OBCube.005, EVAL_POSE))
add_node_handle_relation(Armature Modifier) - Could not find op_from (ComponentKey(OBCube.231, EVAL_POSE))
add_node_handle_relation(Armature Modifier) - Could not find op_from (ComponentKey(OBCube.231, EVAL_POSE))
add_node_handle_relation(Armature Modifier) - Could not find op_from (ComponentKey(OBCube.031, EVAL_POSE))
add_node_handle_relation(Armature Modifier) - Could not find op_from (ComponentKey(OBCube.031, EVAL_POSE))
add_node_handle_relation(Armature Modifier) - Could not find op_from (ComponentKey(OBCube.231, EVAL_POSE))
add_node_handle_relation(Armature Modifier) - Could not find op_from (ComponentKey(OBCube.005, EVAL_POSE))
add_node_handle_relation(Armature Modifier) - Could not find op_from (ComponentKey(OBCylinder.012, EVAL_POSE))
add_node_handle_relation(Armature Modifier) - Could not find op_from (ComponentKey(OBCylinder.012, EVAL_POSE))
add_node_handle_relation(Armature Modifier) - Could not find op_from (ComponentKey(OBCylinder.012, EVAL_POSE))
add_node_handle_relation(Armature Modifier) - Could not find op_from (ComponentKey(OBCylinder.012, EVAL_POSE))
add_node_handle_relation(Armature Modifier) - Could not find op_from (ComponentKey(OBCylinder.012, EVAL_POSE))
add_node_handle_relation(Armature Modifier) - Could not find op_from (ComponentKey(OBCylinder.012, EVAL_POSE))
add_node_handle_relation(Armature Modifier) - Could not find op_from (ComponentKey(OBCylinder.012, EVAL_POSE))
add_node_handle_relation(Armature Modifier) - Could not find op_from (ComponentKey(OBCylinder.012, EVAL_POSE))
add_node_handle_relation(Armature Modifier) - Could not find op_from (ComponentKey(OBCube.031, EVAL_POSE))
add_node_handle_relation(Armature Modifier) - Could not find op_from (ComponentKey(OBCube.031, EVAL_POSE))
add_node_handle_relation(Armature Modifier) - Could not find op_from (ComponentKey(OBCube.031, EVAL_POSE))
add_node_handle_relation(Armature Modifier) - Could not find op_from (ComponentKey(OBCube.031, EVAL_POSE))
add_node_handle_relation(Armature Modifier) - Could not find op_from (ComponentKey(OBCube.031, EVAL_POSE))
add_node_handle_relation(Armature Modifier) - Could not find op_from (ComponentKey(OBCube.031, EVAL_POSE))
add_node_handle_relation(Armature Modifier) - Could not find op_from (ComponentKey(OBCube.034, EVAL_POSE))
add_node_handle_relation(Armature Modifier) - Could not find op_from (ComponentKey(OBCube.031, EVAL_POSE))
add_node_handle_relation(Armature Modifier) - Could not find op_from (ComponentKey(OBCube.031, EVAL_POSE))
add_node_handle_relation(Armature Modifier) - Could not find op_from (ComponentKey(OBCube.031, EVAL_POSE))
add_node_handle_relation(Armature Modifier) - Could not find op_from (ComponentKey(OBCube.031, EVAL_POSE))
add_node_handle_relation(Armature Modifier) - Could not find op_from (ComponentKey(OBCube.005, EVAL_POSE))
add_node_handle_relation(Armature Modifier) - Could not find op_from (ComponentKey(OBCube.005, EVAL_POSE))
add_node_handle_relation(Armature Modifier) - Could not find op_from (ComponentKey(OBCube.005, EVAL_POSE))
add_node_handle_relation(Armature Modifier) - Could not find op_from (ComponentKey(OBCube.005, EVAL_POSE))
add_node_handle_relation(Armature Modifier) - Could not find op_from (ComponentKey(OBCube.005, EVAL_POSE))
add_node_handle_relation(Armature Modifier) - Could not find op_from (ComponentKey(OBCube.005, EVAL_POSE))
add_node_handle_relation(Armature Modifier) - Could not find op_from (ComponentKey(OBCube.030, EVAL_POSE))
add_node_handle_relation(Armature Modifier) - Could not find op_from (ComponentKey(OBCube.005, EVAL_POSE))
add_node_handle_relation(Armature Modifier) - Could not find op_from (ComponentKey(OBCube.232, EVAL_POSE))
add_node_handle_relation(Armature Modifier) - Could not find op_from (ComponentKey(OBCube.232, EVAL_POSE))
add_node_handle_relation(Armature Modifier) - Could not find op_from (ComponentKey(OBCube.005, EVAL_POSE))
add_node_handle_relation(Armature Modifier) - Could not find op_from (ComponentKey(OBCube.031, EVAL_POSE))
add_node_handle_relation(Armature Modifier) - Could not find op_from (ComponentKey(OBCube.031, EVAL_POSE))
add_node_handle_relation(Armature Modifier) - Could not find op_from (ComponentKey(OBCube.005, EVAL_POSE))
add_node_handle_relation(Armature Modifier) - Could not find op_from (ComponentKey(OBCube.005, EVAL_POSE))
add_node_handle_relation(Armature Modifier) - Could not find op_from (ComponentKey(OBCube.231, EVAL_POSE))
add_node_handle_relation(Armature Modifier) - Could not find op_from (ComponentKey(OBCube.231, EVAL_POSE))
add_node_handle_relation(Armature Modifier) - Could not find op_from (ComponentKey(OBCube.031, EVAL_POSE))
add_node_handle_relation(Armature Modifier) - Could not find op_from (ComponentKey(OBCube.031, EVAL_POSE))
add_node_handle_relation(Armature Modifier) - Could not find op_from (ComponentKey(OBCube.231, EVAL_POSE))
add_node_handle_relation(Armature Modifier) - Could not find op_from (ComponentKey(OBCube.005, EVAL_POSE))
add_node_handle_relation(Armature Modifier) - Could not find op_from (ComponentKey(OBCylinder.012, EVAL_POSE))
add_node_handle_relation(Armature Modifier) - Could not find op_from (ComponentKey(OBCylinder.012, EVAL_POSE))
add_node_handle_relation(Armature Modifier) - Could not find op_from (ComponentKey(OBCylinder.012, EVAL_POSE))
add_node_handle_relation(Armature Modifier) - Could not find op_from (ComponentKey(OBCylinder.012, EVAL_POSE))
add_node_handle_relation(Armature Modifier) - Could not find op_from (ComponentKey(OBCylinder.012, EVAL_POSE))
add_node_handle_relation(Armature Modifier) - Could not find op_from (ComponentKey(OBCylinder.012, EVAL_POSE))
add_node_handle_relation(Armature Modifier) - Could not find op_from (ComponentKey(OBCylinder.012, EVAL_POSE))
add_node_handle_relation(Armature Modifier) - Could not find op_from (ComponentKey(OBCylinder.012, EVAL_POSE))
G:\Github Repos\A3_DJ_Audio\tools\render_asset_promo.py:73: DeprecationWarning: 'World.use_nodes' is expected to be removed in Blender 6.0
  scene.world.use_nodes=True
add_node_handle_relation(Armature Modifier) - Could not find op_from (ComponentKey(OBCube.031, EVAL_POSE))
add_node_handle_relation(Armature Modifier) - Could not find op_from (ComponentKey(OBCube.031, EVAL_POSE))
add_node_handle_relation(Armature Modifier) - Could not find op_from (ComponentKey(OBCube.031, EVAL_POSE))
add_node_handle_relation(Armature Modifier) - Could not find op_from (ComponentKey(OBCube.031, EVAL_POSE))
add_node_handle_relation(Armature Modifier) - Could not find op_from (ComponentKey(OBCube.031, EVAL_POSE))
add_node_handle_relation(Armature Modifier) - Could not find op_from (ComponentKey(OBCube.031, EVAL_POSE))
add_node_handle_relation(Armature Modifier) - Could not find op_from (ComponentKey(OBCube.034, EVAL_POSE))
add_node_handle_relation(Armature Modifier) - Could not find op_from (ComponentKey(OBCube.031, EVAL_POSE))
add_node_handle_relation(Armature Modifier) - Could not find op_from (ComponentKey(OBCube.031, EVAL_POSE))
add_node_handle_relation(Armature Modifier) - Could not find op_from (ComponentKey(OBCube.031, EVAL_POSE))
add_node_handle_relation(Armature Modifier) - Could not find op_from (ComponentKey(OBCube.031, EVAL_POSE))
add_node_handle_relation(Armature Modifier) - Could not find op_from (ComponentKey(OBCube.005, EVAL_POSE))
add_node_handle_relation(Armature Modifier) - Could not find op_from (ComponentKey(OBCube.005, EVAL_POSE))
add_node_handle_relation(Armature Modifier) - Could not find op_from (ComponentKey(OBCube.005, EVAL_POSE))
add_node_handle_relation(Armature Modifier) - Could not find op_from (ComponentKey(OBCube.005, EVAL_POSE))
add_node_handle_relation(Armature Modifier) - Could not find op_from (ComponentKey(OBCube.005, EVAL_POSE))
add_node_handle_relation(Armature Modifier) - Could not find op_from (ComponentKey(OBCube.005, EVAL_POSE))
add_node_handle_relation(Armature Modifier) - Could not find op_from (ComponentKey(OBCube.030, EVAL_POSE))
add_node_handle_relation(Armature Modifier) - Could not find op_from (ComponentKey(OBCube.005, EVAL_POSE))
add_node_handle_relation(Armature Modifier) - Could not find op_from (ComponentKey(OBCube.232, EVAL_POSE))
add_node_handle_relation(Armature Modifier) - Could not find op_from (ComponentKey(OBCube.232, EVAL_POSE))
add_node_handle_relation(Armature Modifier) - Could not find op_from (ComponentKey(OBCube.005, EVAL_POSE))
add_node_handle_relation(Armature Modifier) - Could not find op_from (ComponentKey(OBCube.031, EVAL_POSE))
add_node_handle_relation(Armature Modifier) - Could not find op_from (ComponentKey(OBCube.031, EVAL_POSE))
add_node_handle_relation(Armature Modifier) - Could not find op_from (ComponentKey(OBCube.005, EVAL_POSE))
add_node_handle_relation(Armature Modifier) - Could not find op_from (ComponentKey(OBCube.005, EVAL_POSE))
add_node_handle_relation(Armature Modifier) - Could not find op_from (ComponentKey(OBCube.231, EVAL_POSE))
add_node_handle_relation(Armature Modifier) - Could not find op_from (ComponentKey(OBCube.231, EVAL_POSE))
add_node_handle_relation(Armature Modifier) - Could not find op_from (ComponentKey(OBCube.031, EVAL_POSE))
add_node_handle_relation(Armature Modifier) - Could not find op_from (ComponentKey(OBCube.031, EVAL_POSE))
add_node_handle_relation(Armature Modifier) - Could not find op_from (ComponentKey(OBCube.231, EVAL_POSE))
add_node_handle_relation(Armature Modifier) - Could not find op_from (ComponentKey(OBCube.005, EVAL_POSE))
add_node_handle_relation(Armature Modifier) - Could not find op_from (ComponentKey(OBCylinder.012, EVAL_POSE))
add_node_handle_relation(Armature Modifier) - Could not find op_from (ComponentKey(OBCylinder.012, EVAL_POSE))
add_node_handle_relation(Armature Modifier) - Could not find op_from (ComponentKey(OBCylinder.012, EVAL_POSE))
add_node_handle_relation(Armature Modifier) - Could not find op_from (ComponentKey(OBCylinder.012, EVAL_POSE))
add_node_handle_relation(Armature Modifier) - Could not find op_from (ComponentKey(OBCylinder.012, EVAL_POSE))
add_node_handle_relation(Armature Modifier) - Could not find op_from (ComponentKey(OBCylinder.012, EVAL_POSE))
add_node_handle_relation(Armature Modifier) - Could not find op_from (ComponentKey(OBCylinder.012, EVAL_POSE))
add_node_handle_relation(Armature Modifier) - Could not find op_from (ComponentKey(OBCylinder.012, EVAL_POSE))
add_node_handle_relation(Armature Modifier) - Could not find op_from (ComponentKey(OBCube.031, EVAL_POSE))
add_node_handle_relation(Armature Modifier) - Could not find op_from (ComponentKey(OBCube.031, EVAL_POSE))
add_node_handle_relation(Armature Modifier) - Could not find op_from (ComponentKey(OBCube.031, EVAL_POSE))
add_node_handle_relation(Armature Modifier) - Could not find op_from (ComponentKey(OBCube.031, EVAL_POSE))
add_node_handle_relation(Armature Modifier) - Could not find op_from (ComponentKey(OBCube.031, EVAL_POSE))
add_node_handle_relation(Armature Modifier) - Could not find op_from (ComponentKey(OBCube.031, EVAL_POSE))
add_node_handle_relation(Armature Modifier) - Could not find op_from (ComponentKey(OBCube.034, EVAL_POSE))
add_node_handle_relation(Armature Modifier) - Could not find op_from (ComponentKey(OBCube.031, EVAL_POSE))
add_node_handle_relation(Armature Modifier) - Could not find op_from (ComponentKey(OBCube.031, EVAL_POSE))
add_node_handle_relation(Armature Modifier) - Could not find op_from (ComponentKey(OBCube.031, EVAL_POSE))
add_node_handle_relation(Armature Modifier) - Could not find op_from (ComponentKey(OBCube.031, EVAL_POSE))
add_node_handle_relation(Armature Modifier) - Could not find op_from (ComponentKey(OBCube.005, EVAL_POSE))
add_node_handle_relation(Armature Modifier) - Could not find op_from (ComponentKey(OBCube.005, EVAL_POSE))
add_node_handle_relation(Armature Modifier) - Could not find op_from (ComponentKey(OBCube.005, EVAL_POSE))
add_node_handle_relation(Armature Modifier) - Could not find op_from (ComponentKey(OBCube.005, EVAL_POSE))
add_node_handle_relation(Armature Modifier) - Could not find op_from (ComponentKey(OBCube.005, EVAL_POSE))
add_node_handle_relation(Armature Modifier) - Could not find op_from (ComponentKey(OBCube.005, EVAL_POSE))
add_node_handle_relation(Armature Modifier) - Could not find op_from (ComponentKey(OBCube.030, EVAL_POSE))
add_node_handle_relation(Armature Modifier) - Could not find op_from (ComponentKey(OBCube.005, EVAL_POSE))
add_node_handle_relation(Armature Modifier) - Could not find op_from (ComponentKey(OBCube.232, EVAL_POSE))
add_node_handle_relation(Armature Modifier) - Could not find op_from (ComponentKey(OBCube.232, EVAL_POSE))
add_node_handle_relation(Armature Modifier) - Could not find op_from (ComponentKey(OBCube.005, EVAL_POSE))
add_node_handle_relation(Armature Modifier) - Could not find op_from (ComponentKey(OBCube.031, EVAL_POSE))
add_node_handle_relation(Armature Modifier) - Could not find op_from (ComponentKey(OBCube.031, EVAL_POSE))
add_node_handle_relation(Armature Modifier) - Could not find op_from (ComponentKey(OBCube.005, EVAL_POSE))
add_node_handle_relation(Armature Modifier) - Could not find op_from (ComponentKey(OBCube.005, EVAL_POSE))
add_node_handle_relation(Armature Modifier) - Could not find op_from (ComponentKey(OBCube.231, EVAL_POSE))
add_node_handle_relation(Armature Modifier) - Could not find op_from (ComponentKey(OBCube.231, EVAL_POSE))
add_node_handle_relation(Armature Modifier) - Could not find op_from (ComponentKey(OBCube.031, EVAL_POSE))
add_node_handle_relation(Armature Modifier) - Could not find op_from (ComponentKey(OBCube.031, EVAL_POSE))
add_node_handle_relation(Armature Modifier) - Could not find op_from (ComponentKey(OBCube.231, EVAL_POSE))
add_node_handle_relation(Armature Modifier) - Could not find op_from (ComponentKey(OBCube.005, EVAL_POSE))
add_node_handle_relation(Armature Modifier) - Could not find op_from (ComponentKey(OBCylinder.012, EVAL_POSE))
add_node_handle_relation(Armature Modifier) - Could not find op_from (ComponentKey(OBCylinder.012, EVAL_POSE))
add_node_handle_relation(Armature Modifier) - Could not find op_from (ComponentKey(OBCylinder.012, EVAL_POSE))
add_node_handle_relation(Armature Modifier) - Could not find op_from (ComponentKey(OBCylinder.012, EVAL_POSE))
add_node_handle_relation(Armature Modifier) - Could not find op_from (ComponentKey(OBCylinder.012, EVAL_POSE))
add_node_handle_relation(Armature Modifier) - Could not find op_from (ComponentKey(OBCylinder.012, EVAL_POSE))
add_node_handle_relation(Armature Modifier) - Could not find op_from (ComponentKey(OBCylinder.012, EVAL_POSE))
add_node_handle_relation(Armature Modifier) - Could not find op_from (ComponentKey(OBCylinder.012, EVAL_POSE))
00:17.453  render           | Saved: 'G:\Github Repos\A3_DJ_Audio\assets\promo\devices.png'
RENDER_DONE devices
Blender 5.2.1 LTS (hash 9e2066aef7ef built 2026-08-25 02:38:20)

Blender quit
